Copyright 1986-2018 Xilinx, Inc. All Rights Reserved.
-----------------------------------------------------------------------------------------------------------------------------------------------------------
| Tool Version : Vivado v.2018.3 (win64) Build 2405991 Thu Dec  6 23:38:27 MST 2018
| Date         : Tue Apr 21 17:21:29 2026
| Host         : LAPTOP-PN7UO2EC running 64-bit major release  (build 9200)
| Command      : report_timing -delay_type max -max_paths 20 -file D:/Work/Git/jichuang-linksea-h6_person2/timing_runs/fixed_angle_rotate/timing_setup.rpt
| Design       : fixed_angle_rotate_stream_std
| Device       : 7z020-clg400
| Speed File   : -1  PRODUCTION 1.11 2014-09-11
-----------------------------------------------------------------------------------------------------------------------------------------------------------

Timing Report

Slack (MET) :             0.287ns  (required time - arrival time)
  Source:                 u_addr_pipe/stage0_src_y_q_reg[112]/C
                            (rising edge-triggered cell FDCE clocked by clk  {rise@0.000ns fall@3.610ns period=7.220ns})
  Destination:            u_addr_pipe/stage1_row_base_q_reg[58]/D
                            (rising edge-triggered cell FDCE clocked by clk  {rise@0.000ns fall@3.610ns period=7.220ns})
  Path Group:             clk
  Path Type:              Setup (Max at Slow Process Corner)
  Requirement:            7.220ns  (clk rise@7.220ns - clk rise@0.000ns)
  Data Path Delay:        6.924ns  (logic 4.446ns (64.214%)  route 2.478ns (35.786%))
  Logic Levels:           2  (DSP48E1=1 LUT2=1)
  Clock Path Skew:        -0.049ns (DCD - SCD + CPR)
    Destination Clock Delay (DCD):    0.924ns = ( 8.144 - 7.220 ) 
    Source Clock Delay      (SCD):    0.973ns
    Clock Pessimism Removal (CPR):    0.000ns
  Clock Uncertainty:      0.035ns  ((TSJ^2 + TIJ^2)^1/2 + DJ) / 2 + PE
    Total System Jitter     (TSJ):    0.071ns
    Total Input Jitter      (TIJ):    0.000ns
    Discrete Jitter          (DJ):    0.000ns
    Phase Error              (PE):    0.000ns

    Location             Delay type                Incr(ns)  Path(ns)    Netlist Resource(s)
  -------------------------------------------------------------------    -------------------
                         (clock clk rise edge)        0.000     0.000 r  
                                                      0.000     0.000 r  clk (IN)
                         net (fo=1026, unset)         0.973     0.973    u_addr_pipe/clk
    SLICE_X69Y22         FDCE                                         r  u_addr_pipe/stage0_src_y_q_reg[112]/C
  -------------------------------------------------------------------    -------------------
    SLICE_X69Y22         FDCE (Prop_fdce_C_Q)         0.456     1.429 r  u_addr_pipe/stage0_src_y_q_reg[112]/Q
                         net (fo=4, routed)           1.448     2.877    u_addr_pipe/stage0_src_y_q_reg_n_0_[112]
    DSP48_X2Y10          DSP48E1 (Prop_dsp48e1_A[0]_P[1])
                                                      3.841     6.718 r  u_addr_pipe/stage1_row_base_q0__2/P[1]
                         net (fo=1, routed)           1.030     7.748    u_addr_pipe/stage1_row_base_q0__2_n_104
    SLICE_X33Y24         LUT2 (Prop_lut2_I1_O)        0.149     7.897 r  u_addr_pipe/stage1_row_base_q[58]_i_1/O
                         net (fo=1, routed)           0.000     7.897    u_addr_pipe/stage1_row_base_q[58]_i_1_n_0
    SLICE_X33Y24         FDCE                                         r  u_addr_pipe/stage1_row_base_q_reg[58]/D
  -------------------------------------------------------------------    -------------------

                         (clock clk rise edge)        7.220     7.220 r  
                                                      0.000     7.220 r  clk (IN)
                         net (fo=1026, unset)         0.924     8.144    u_addr_pipe/clk
    SLICE_X33Y24         FDCE                                         r  u_addr_pipe/stage1_row_base_q_reg[58]/C
                         clock pessimism              0.000     8.144    
                         clock uncertainty           -0.035     8.109    
    SLICE_X33Y24         FDCE (Setup_fdce_C_D)        0.075     8.184    u_addr_pipe/stage1_row_base_q_reg[58]
  -------------------------------------------------------------------
                         required time                          8.184    
                         arrival time                          -7.897    
  -------------------------------------------------------------------
                         slack                                  0.287    

Slack (MET) :             0.417ns  (required time - arrival time)
  Source:                 u_addr_pipe/stage0_src_y_q_reg[64]/C
                            (rising edge-triggered cell FDCE clocked by clk  {rise@0.000ns fall@3.610ns period=7.220ns})
  Destination:            u_addr_pipe/stage1_row_base_q_reg[80]/D
                            (rising edge-triggered cell FDCE clocked by clk  {rise@0.000ns fall@3.610ns period=7.220ns})
  Path Group:             clk
  Path Type:              Setup (Max at Slow Process Corner)
  Requirement:            7.220ns  (clk rise@7.220ns - clk rise@0.000ns)
  Data Path Delay:        6.794ns  (logic 4.446ns (65.443%)  route 2.348ns (34.557%))
  Logic Levels:           2  (DSP48E1=1 LUT2=1)
  Clock Path Skew:        -0.049ns (DCD - SCD + CPR)
    Destination Clock Delay (DCD):    0.924ns = ( 8.144 - 7.220 ) 
    Source Clock Delay      (SCD):    0.973ns
    Clock Pessimism Removal (CPR):    0.000ns
  Clock Uncertainty:      0.035ns  ((TSJ^2 + TIJ^2)^1/2 + DJ) / 2 + PE
    Total System Jitter     (TSJ):    0.071ns
    Total Input Jitter      (TIJ):    0.000ns
    Discrete Jitter          (DJ):    0.000ns
    Phase Error              (PE):    0.000ns

    Location             Delay type                Incr(ns)  Path(ns)    Netlist Resource(s)
  -------------------------------------------------------------------    -------------------
                         (clock clk rise edge)        0.000     0.000 r  
                                                      0.000     0.000 r  clk (IN)
                         net (fo=1026, unset)         0.973     0.973    u_addr_pipe/clk
    SLICE_X33Y25         FDCE                                         r  u_addr_pipe/stage0_src_y_q_reg[64]/C
  -------------------------------------------------------------------    -------------------
    SLICE_X33Y25         FDCE (Prop_fdce_C_Q)         0.456     1.429 r  u_addr_pipe/stage0_src_y_q_reg[64]/Q
                         net (fo=3, routed)           1.066     2.495    u_addr_pipe/stage0_src_y_q_reg_n_0_[64]
    DSP48_X1Y10          DSP48E1 (Prop_dsp48e1_A[0]_P[4])
                                                      3.841     6.336 r  u_addr_pipe/stage1_row_base_q0__3/P[4]
                         net (fo=1, routed)           1.282     7.618    u_addr_pipe/stage1_row_base_q0__3_n_101
    SLICE_X29Y29         LUT2 (Prop_lut2_I1_O)        0.149     7.767 r  u_addr_pipe/stage1_row_base_q[80]_i_1/O
                         net (fo=1, routed)           0.000     7.767    u_addr_pipe/stage1_row_base_q[80]_i_1_n_0
    SLICE_X29Y29         FDCE                                         r  u_addr_pipe/stage1_row_base_q_reg[80]/D
  -------------------------------------------------------------------    -------------------

                         (clock clk rise edge)        7.220     7.220 r  
                                                      0.000     7.220 r  clk (IN)
                         net (fo=1026, unset)         0.924     8.144    u_addr_pipe/clk
    SLICE_X29Y29         FDCE                                         r  u_addr_pipe/stage1_row_base_q_reg[80]/C
                         clock pessimism              0.000     8.144    
                         clock uncertainty           -0.035     8.109    
    SLICE_X29Y29         FDCE (Setup_fdce_C_D)        0.075     8.184    u_addr_pipe/stage1_row_base_q_reg[80]
  -------------------------------------------------------------------
                         required time                          8.184    
                         arrival time                          -7.767    
  -------------------------------------------------------------------
                         slack                                  0.417    

Slack (MET) :             0.451ns  (required time - arrival time)
  Source:                 u_addr_pipe/stage0_src_y_q_reg[112]/C
                            (rising edge-triggered cell FDCE clocked by clk  {rise@0.000ns fall@3.610ns period=7.220ns})
  Destination:            u_addr_pipe/stage1_row_base_q_reg[75]/D
                            (rising edge-triggered cell FDCE clocked by clk  {rise@0.000ns fall@3.610ns period=7.220ns})
  Path Group:             clk
  Path Type:              Setup (Max at Slow Process Corner)
  Requirement:            7.220ns  (clk rise@7.220ns - clk rise@0.000ns)
  Data Path Delay:        6.717ns  (logic 4.421ns (65.820%)  route 2.296ns (34.180%))
  Logic Levels:           2  (DSP48E1=1 LUT2=1)
  Clock Path Skew:        -0.049ns (DCD - SCD + CPR)
    Destination Clock Delay (DCD):    0.924ns = ( 8.144 - 7.220 ) 
    Source Clock Delay      (SCD):    0.973ns
    Clock Pessimism Removal (CPR):    0.000ns
  Clock Uncertainty:      0.035ns  ((TSJ^2 + TIJ^2)^1/2 + DJ) / 2 + PE
    Total System Jitter     (TSJ):    0.071ns
    Total Input Jitter      (TIJ):    0.000ns
    Discrete Jitter          (DJ):    0.000ns
    Phase Error              (PE):    0.000ns

    Location             Delay type                Incr(ns)  Path(ns)    Netlist Resource(s)
  -------------------------------------------------------------------    -------------------
                         (clock clk rise edge)        0.000     0.000 r  
                                                      0.000     0.000 r  clk (IN)
                         net (fo=1026, unset)         0.973     0.973    u_addr_pipe/clk
    SLICE_X69Y22         FDCE                                         r  u_addr_pipe/stage0_src_y_q_reg[112]/C
  -------------------------------------------------------------------    -------------------
    SLICE_X69Y22         FDCE (Prop_fdce_C_Q)         0.456     1.429 r  u_addr_pipe/stage0_src_y_q_reg[112]/Q
                         net (fo=4, routed)           1.448     2.877    u_addr_pipe/stage0_src_y_q_reg_n_0_[112]
    DSP48_X2Y10          DSP48E1 (Prop_dsp48e1_A[0]_P[18])
                                                      3.841     6.718 r  u_addr_pipe/stage1_row_base_q0__2/P[18]
                         net (fo=1, routed)           0.848     7.566    u_addr_pipe/stage1_row_base_q0__2_n_87
    SLICE_X29Y29         LUT2 (Prop_lut2_I1_O)        0.124     7.690 r  u_addr_pipe/stage1_row_base_q[75]_i_1/O
                         net (fo=1, routed)           0.000     7.690    u_addr_pipe/stage1_row_base_q[75]_i_1_n_0
    SLICE_X29Y29         FDCE                                         r  u_addr_pipe/stage1_row_base_q_reg[75]/D
  -------------------------------------------------------------------    -------------------

                         (clock clk rise edge)        7.220     7.220 r  
                                                      0.000     7.220 r  clk (IN)
                         net (fo=1026, unset)         0.924     8.144    u_addr_pipe/clk
    SLICE_X29Y29         FDCE                                         r  u_addr_pipe/stage1_row_base_q_reg[75]/C
                         clock pessimism              0.000     8.144    
                         clock uncertainty           -0.035     8.109    
    SLICE_X29Y29         FDCE (Setup_fdce_C_D)        0.032     8.141    u_addr_pipe/stage1_row_base_q_reg[75]
  -------------------------------------------------------------------
                         required time                          8.141    
                         arrival time                          -7.690    
  -------------------------------------------------------------------
                         slack                                  0.451    

Slack (MET) :             0.472ns  (required time - arrival time)
  Source:                 u_addr_pipe/stage0_src_y_q_reg[112]/C
                            (rising edge-triggered cell FDCE clocked by clk  {rise@0.000ns fall@3.610ns period=7.220ns})
  Destination:            u_addr_pipe/stage1_row_base_q_reg[113]/D
                            (rising edge-triggered cell FDCE clocked by clk  {rise@0.000ns fall@3.610ns period=7.220ns})
  Path Group:             clk
  Path Type:              Setup (Max at Slow Process Corner)
  Requirement:            7.220ns  (clk rise@7.220ns - clk rise@0.000ns)
  Data Path Delay:        6.696ns  (logic 4.421ns (66.029%)  route 2.275ns (33.971%))
  Logic Levels:           2  (DSP48E1=1 LUT2=1)
  Clock Path Skew:        -0.049ns (DCD - SCD + CPR)
    Destination Clock Delay (DCD):    0.924ns = ( 8.144 - 7.220 ) 
    Source Clock Delay      (SCD):    0.973ns
    Clock Pessimism Removal (CPR):    0.000ns
  Clock Uncertainty:      0.035ns  ((TSJ^2 + TIJ^2)^1/2 + DJ) / 2 + PE
    Total System Jitter     (TSJ):    0.071ns
    Total Input Jitter      (TIJ):    0.000ns
    Discrete Jitter          (DJ):    0.000ns
    Phase Error              (PE):    0.000ns

    Location             Delay type                Incr(ns)  Path(ns)    Netlist Resource(s)
  -------------------------------------------------------------------    -------------------
                         (clock clk rise edge)        0.000     0.000 r  
                                                      0.000     0.000 r  clk (IN)
                         net (fo=1026, unset)         0.973     0.973    u_addr_pipe/clk
    SLICE_X69Y22         FDCE                                         r  u_addr_pipe/stage0_src_y_q_reg[112]/C
  -------------------------------------------------------------------    -------------------
    SLICE_X69Y22         FDCE (Prop_fdce_C_Q)         0.456     1.429 r  u_addr_pipe/stage0_src_y_q_reg[112]/Q
                         net (fo=4, routed)           1.061     2.490    u_addr_pipe/stage0_src_y_q_reg_n_0_[112]
    DSP48_X3Y8           DSP48E1 (Prop_dsp48e1_A[0]_P[18])
                                                      3.841     6.331 r  u_addr_pipe/stage1_row_base_q0__4/P[18]
                         net (fo=1, routed)           1.213     7.545    u_addr_pipe/stage1_row_base_q0__4_n_87
    SLICE_X73Y24         LUT2 (Prop_lut2_I1_O)        0.124     7.669 r  u_addr_pipe/stage1_row_base_q[113]_i_1/O
                         net (fo=1, routed)           0.000     7.669    u_addr_pipe/stage1_row_base_q[113]_i_1_n_0
    SLICE_X73Y24         FDCE                                         r  u_addr_pipe/stage1_row_base_q_reg[113]/D
  -------------------------------------------------------------------    -------------------

                         (clock clk rise edge)        7.220     7.220 r  
                                                      0.000     7.220 r  clk (IN)
                         net (fo=1026, unset)         0.924     8.144    u_addr_pipe/clk
    SLICE_X73Y24         FDCE                                         r  u_addr_pipe/stage1_row_base_q_reg[113]/C
                         clock pessimism              0.000     8.144    
                         clock uncertainty           -0.035     8.109    
    SLICE_X73Y24         FDCE (Setup_fdce_C_D)        0.032     8.141    u_addr_pipe/stage1_row_base_q_reg[113]
  -------------------------------------------------------------------
                         required time                          8.141    
                         arrival time                          -7.669    
  -------------------------------------------------------------------
                         slack                                  0.472    

Slack (MET) :             0.482ns  (required time - arrival time)
  Source:                 u_addr_pipe/stage0_src_y_q_reg[112]/C
                            (rising edge-triggered cell FDCE clocked by clk  {rise@0.000ns fall@3.610ns period=7.220ns})
  Destination:            u_addr_pipe/stage1_row_base_q_reg[57]/D
                            (rising edge-triggered cell FDCE clocked by clk  {rise@0.000ns fall@3.610ns period=7.220ns})
  Path Group:             clk
  Path Type:              Setup (Max at Slow Process Corner)
  Requirement:            7.220ns  (clk rise@7.220ns - clk rise@0.000ns)
  Data Path Delay:        6.686ns  (logic 4.421ns (66.120%)  route 2.265ns (33.880%))
  Logic Levels:           2  (DSP48E1=1 LUT2=1)
  Clock Path Skew:        -0.049ns (DCD - SCD + CPR)
    Destination Clock Delay (DCD):    0.924ns = ( 8.144 - 7.220 ) 
    Source Clock Delay      (SCD):    0.973ns
    Clock Pessimism Removal (CPR):    0.000ns
  Clock Uncertainty:      0.035ns  ((TSJ^2 + TIJ^2)^1/2 + DJ) / 2 + PE
    Total System Jitter     (TSJ):    0.071ns
    Total Input Jitter      (TIJ):    0.000ns
    Discrete Jitter          (DJ):    0.000ns
    Phase Error              (PE):    0.000ns

    Location             Delay type                Incr(ns)  Path(ns)    Netlist Resource(s)
  -------------------------------------------------------------------    -------------------
                         (clock clk rise edge)        0.000     0.000 r  
                                                      0.000     0.000 r  clk (IN)
                         net (fo=1026, unset)         0.973     0.973    u_addr_pipe/clk
    SLICE_X69Y22         FDCE                                         r  u_addr_pipe/stage0_src_y_q_reg[112]/C
  -------------------------------------------------------------------    -------------------
    SLICE_X69Y22         FDCE (Prop_fdce_C_Q)         0.456     1.429 r  u_addr_pipe/stage0_src_y_q_reg[112]/Q
                         net (fo=4, routed)           1.448     2.877    u_addr_pipe/stage0_src_y_q_reg_n_0_[112]
    DSP48_X2Y10          DSP48E1 (Prop_dsp48e1_A[0]_P[0])
                                                      3.841     6.718 r  u_addr_pipe/stage1_row_base_q0__2/P[0]
                         net (fo=1, routed)           0.817     7.535    u_addr_pipe/stage1_row_base_q0__2_n_105
    SLICE_X33Y24         LUT2 (Prop_lut2_I1_O)        0.124     7.659 r  u_addr_pipe/stage1_row_base_q[57]_i_1/O
                         net (fo=1, routed)           0.000     7.659    u_addr_pipe/stage1_row_base_q[57]_i_1_n_0
    SLICE_X33Y24         FDCE                                         r  u_addr_pipe/stage1_row_base_q_reg[57]/D
  -------------------------------------------------------------------    -------------------

                         (clock clk rise edge)        7.220     7.220 r  
                                                      0.000     7.220 r  clk (IN)
                         net (fo=1026, unset)         0.924     8.144    u_addr_pipe/clk
    SLICE_X33Y24         FDCE                                         r  u_addr_pipe/stage1_row_base_q_reg[57]/C
                         clock pessimism              0.000     8.144    
                         clock uncertainty           -0.035     8.109    
    SLICE_X33Y24         FDCE (Setup_fdce_C_D)        0.032     8.141    u_addr_pipe/stage1_row_base_q_reg[57]
  -------------------------------------------------------------------
                         required time                          8.141    
                         arrival time                          -7.659    
  -------------------------------------------------------------------
                         slack                                  0.482    

Slack (MET) :             0.495ns  (required time - arrival time)
  Source:                 u_addr_pipe/stage0_src_y_q_reg[112]/C
                            (rising edge-triggered cell FDCE clocked by clk  {rise@0.000ns fall@3.610ns period=7.220ns})
  Destination:            u_addr_pipe/stage1_row_base_q_reg[59]/D
                            (rising edge-triggered cell FDCE clocked by clk  {rise@0.000ns fall@3.610ns period=7.220ns})
  Path Group:             clk
  Path Type:              Setup (Max at Slow Process Corner)
  Requirement:            7.220ns  (clk rise@7.220ns - clk rise@0.000ns)
  Data Path Delay:        6.673ns  (logic 4.421ns (66.250%)  route 2.252ns (33.750%))
  Logic Levels:           2  (DSP48E1=1 LUT2=1)
  Clock Path Skew:        -0.049ns (DCD - SCD + CPR)
    Destination Clock Delay (DCD):    0.924ns = ( 8.144 - 7.220 ) 
    Source Clock Delay      (SCD):    0.973ns
    Clock Pessimism Removal (CPR):    0.000ns
  Clock Uncertainty:      0.035ns  ((TSJ^2 + TIJ^2)^1/2 + DJ) / 2 + PE
    Total System Jitter     (TSJ):    0.071ns
    Total Input Jitter      (TIJ):    0.000ns
    Discrete Jitter          (DJ):    0.000ns
    Phase Error              (PE):    0.000ns

    Location             Delay type                Incr(ns)  Path(ns)    Netlist Resource(s)
  -------------------------------------------------------------------    -------------------
                         (clock clk rise edge)        0.000     0.000 r  
                                                      0.000     0.000 r  clk (IN)
                         net (fo=1026, unset)         0.973     0.973    u_addr_pipe/clk
    SLICE_X69Y22         FDCE                                         r  u_addr_pipe/stage0_src_y_q_reg[112]/C
  -------------------------------------------------------------------    -------------------
    SLICE_X69Y22         FDCE (Prop_fdce_C_Q)         0.456     1.429 r  u_addr_pipe/stage0_src_y_q_reg[112]/Q
                         net (fo=4, routed)           1.448     2.877    u_addr_pipe/stage0_src_y_q_reg_n_0_[112]
    DSP48_X2Y10          DSP48E1 (Prop_dsp48e1_A[0]_P[2])
                                                      3.841     6.718 r  u_addr_pipe/stage1_row_base_q0__2/P[2]
                         net (fo=1, routed)           0.804     7.522    u_addr_pipe/stage1_row_base_q0__2_n_103
    SLICE_X35Y24         LUT2 (Prop_lut2_I1_O)        0.124     7.646 r  u_addr_pipe/stage1_row_base_q[59]_i_1/O
                         net (fo=1, routed)           0.000     7.646    u_addr_pipe/stage1_row_base_q[59]_i_1_n_0
    SLICE_X35Y24         FDCE                                         r  u_addr_pipe/stage1_row_base_q_reg[59]/D
  -------------------------------------------------------------------    -------------------

                         (clock clk rise edge)        7.220     7.220 r  
                                                      0.000     7.220 r  clk (IN)
                         net (fo=1026, unset)         0.924     8.144    u_addr_pipe/clk
    SLICE_X35Y24         FDCE                                         r  u_addr_pipe/stage1_row_base_q_reg[59]/C
                         clock pessimism              0.000     8.144    
                         clock uncertainty           -0.035     8.109    
    SLICE_X35Y24         FDCE (Setup_fdce_C_D)        0.032     8.141    u_addr_pipe/stage1_row_base_q_reg[59]
  -------------------------------------------------------------------
                         required time                          8.141    
                         arrival time                          -7.646    
  -------------------------------------------------------------------
                         slack                                  0.495    

Slack (MET) :             0.497ns  (required time - arrival time)
  Source:                 u_addr_pipe/stage0_src_y_q_reg[108]/C
                            (rising edge-triggered cell FDCE clocked by clk  {rise@0.000ns fall@3.610ns period=7.220ns})
  Destination:            u_addr_pipe/stage1_row_base_q_reg[114]/D
                            (rising edge-triggered cell FDCE clocked by clk  {rise@0.000ns fall@3.610ns period=7.220ns})
  Path Group:             clk
  Path Type:              Setup (Max at Slow Process Corner)
  Requirement:            7.220ns  (clk rise@7.220ns - clk rise@0.000ns)
  Data Path Delay:        6.714ns  (logic 4.508ns (67.144%)  route 2.206ns (32.856%))
  Logic Levels:           2  (DSP48E1=1 LUT2=1)
  Clock Path Skew:        -0.049ns (DCD - SCD + CPR)
    Destination Clock Delay (DCD):    0.924ns = ( 8.144 - 7.220 ) 
    Source Clock Delay      (SCD):    0.973ns
    Clock Pessimism Removal (CPR):    0.000ns
  Clock Uncertainty:      0.035ns  ((TSJ^2 + TIJ^2)^1/2 + DJ) / 2 + PE
    Total System Jitter     (TSJ):    0.071ns
    Total Input Jitter      (TIJ):    0.000ns
    Discrete Jitter          (DJ):    0.000ns
    Phase Error              (PE):    0.000ns

    Location             Delay type                Incr(ns)  Path(ns)    Netlist Resource(s)
  -------------------------------------------------------------------    -------------------
                         (clock clk rise edge)        0.000     0.000 r  
                                                      0.000     0.000 r  clk (IN)
                         net (fo=1026, unset)         0.973     0.973    u_addr_pipe/clk
    SLICE_X36Y28         FDCE                                         r  u_addr_pipe/stage0_src_y_q_reg[108]/C
  -------------------------------------------------------------------    -------------------
    SLICE_X36Y28         FDCE (Prop_fdce_C_Q)         0.518     1.491 r  u_addr_pipe/stage0_src_y_q_reg[108]/Q
                         net (fo=1, routed)           0.591     2.082    u_addr_pipe/stage0_src_y_q_reg_n_0_[108]
    DSP48_X2Y11          DSP48E1 (Prop_dsp48e1_A[12]_P[0])
                                                      3.841     5.923 r  u_addr_pipe/stage1_row_base_q0__5/P[0]
                         net (fo=1, routed)           1.615     7.538    u_addr_pipe/stage1_row_base_q0__5_n_105
    SLICE_X73Y24         LUT2 (Prop_lut2_I1_O)        0.149     7.687 r  u_addr_pipe/stage1_row_base_q[114]_i_1/O
                         net (fo=1, routed)           0.000     7.687    u_addr_pipe/stage1_row_base_q[114]_i_1_n_0
    SLICE_X73Y24         FDCE                                         r  u_addr_pipe/stage1_row_base_q_reg[114]/D
  -------------------------------------------------------------------    -------------------

                         (clock clk rise edge)        7.220     7.220 r  
                                                      0.000     7.220 r  clk (IN)
                         net (fo=1026, unset)         0.924     8.144    u_addr_pipe/clk
    SLICE_X73Y24         FDCE                                         r  u_addr_pipe/stage1_row_base_q_reg[114]/C
                         clock pessimism              0.000     8.144    
                         clock uncertainty           -0.035     8.109    
    SLICE_X73Y24         FDCE (Setup_fdce_C_D)        0.075     8.184    u_addr_pipe/stage1_row_base_q_reg[114]
  -------------------------------------------------------------------
                         required time                          8.184    
                         arrival time                          -7.687    
  -------------------------------------------------------------------
                         slack                                  0.497    

Slack (MET) :             0.498ns  (required time - arrival time)
  Source:                 u_addr_pipe/stage0_src_y_q_reg[112]/C
                            (rising edge-triggered cell FDCE clocked by clk  {rise@0.000ns fall@3.610ns period=7.220ns})
  Destination:            u_addr_pipe/stage1_row_base_q_reg[70]/D
                            (rising edge-triggered cell FDCE clocked by clk  {rise@0.000ns fall@3.610ns period=7.220ns})
  Path Group:             clk
  Path Type:              Setup (Max at Slow Process Corner)
  Requirement:            7.220ns  (clk rise@7.220ns - clk rise@0.000ns)
  Data Path Delay:        6.756ns  (logic 4.447ns (65.828%)  route 2.309ns (34.172%))
  Logic Levels:           2  (DSP48E1=1 LUT2=1)
  Clock Path Skew:        -0.049ns (DCD - SCD + CPR)
    Destination Clock Delay (DCD):    0.924ns = ( 8.144 - 7.220 ) 
    Source Clock Delay      (SCD):    0.973ns
    Clock Pessimism Removal (CPR):    0.000ns
  Clock Uncertainty:      0.035ns  ((TSJ^2 + TIJ^2)^1/2 + DJ) / 2 + PE
    Total System Jitter     (TSJ):    0.071ns
    Total Input Jitter      (TIJ):    0.000ns
    Discrete Jitter          (DJ):    0.000ns
    Phase Error              (PE):    0.000ns

    Location             Delay type                Incr(ns)  Path(ns)    Netlist Resource(s)
  -------------------------------------------------------------------    -------------------
                         (clock clk rise edge)        0.000     0.000 r  
                                                      0.000     0.000 r  clk (IN)
                         net (fo=1026, unset)         0.973     0.973    u_addr_pipe/clk
    SLICE_X69Y22         FDCE                                         r  u_addr_pipe/stage0_src_y_q_reg[112]/C
  -------------------------------------------------------------------    -------------------
    SLICE_X69Y22         FDCE (Prop_fdce_C_Q)         0.456     1.429 r  u_addr_pipe/stage0_src_y_q_reg[112]/Q
                         net (fo=4, routed)           1.448     2.877    u_addr_pipe/stage0_src_y_q_reg_n_0_[112]
    DSP48_X2Y10          DSP48E1 (Prop_dsp48e1_A[0]_P[13])
                                                      3.841     6.718 r  u_addr_pipe/stage1_row_base_q0__2/P[13]
                         net (fo=1, routed)           0.861     7.579    u_addr_pipe/stage1_row_base_q0__2_n_92
    SLICE_X34Y29         LUT2 (Prop_lut2_I1_O)        0.150     7.729 r  u_addr_pipe/stage1_row_base_q[70]_i_1/O
                         net (fo=1, routed)           0.000     7.729    u_addr_pipe/stage1_row_base_q[70]_i_1_n_0
    SLICE_X34Y29         FDCE                                         r  u_addr_pipe/stage1_row_base_q_reg[70]/D
  -------------------------------------------------------------------    -------------------

                         (clock clk rise edge)        7.220     7.220 r  
                                                      0.000     7.220 r  clk (IN)
                         net (fo=1026, unset)         0.924     8.144    u_addr_pipe/clk
    SLICE_X34Y29         FDCE                                         r  u_addr_pipe/stage1_row_base_q_reg[70]/C
                         clock pessimism              0.000     8.144    
                         clock uncertainty           -0.035     8.109    
    SLICE_X34Y29         FDCE (Setup_fdce_C_D)        0.118     8.227    u_addr_pipe/stage1_row_base_q_reg[70]
  -------------------------------------------------------------------
                         required time                          8.227    
                         arrival time                          -7.729    
  -------------------------------------------------------------------
                         slack                                  0.498    

Slack (MET) :             0.498ns  (required time - arrival time)
  Source:                 u_addr_pipe/stage0_src_y_q_reg[112]/C
                            (rising edge-triggered cell FDCE clocked by clk  {rise@0.000ns fall@3.610ns period=7.220ns})
  Destination:            u_addr_pipe/stage1_row_base_q_reg[72]/D
                            (rising edge-triggered cell FDCE clocked by clk  {rise@0.000ns fall@3.610ns period=7.220ns})
  Path Group:             clk
  Path Type:              Setup (Max at Slow Process Corner)
  Requirement:            7.220ns  (clk rise@7.220ns - clk rise@0.000ns)
  Data Path Delay:        6.756ns  (logic 4.445ns (65.798%)  route 2.311ns (34.202%))
  Logic Levels:           2  (DSP48E1=1 LUT2=1)
  Clock Path Skew:        -0.049ns (DCD - SCD + CPR)
    Destination Clock Delay (DCD):    0.924ns = ( 8.144 - 7.220 ) 
    Source Clock Delay      (SCD):    0.973ns
    Clock Pessimism Removal (CPR):    0.000ns
  Clock Uncertainty:      0.035ns  ((TSJ^2 + TIJ^2)^1/2 + DJ) / 2 + PE
    Total System Jitter     (TSJ):    0.071ns
    Total Input Jitter      (TIJ):    0.000ns
    Discrete Jitter          (DJ):    0.000ns
    Phase Error              (PE):    0.000ns

    Location             Delay type                Incr(ns)  Path(ns)    Netlist Resource(s)
  -------------------------------------------------------------------    -------------------
                         (clock clk rise edge)        0.000     0.000 r  
                                                      0.000     0.000 r  clk (IN)
                         net (fo=1026, unset)         0.973     0.973    u_addr_pipe/clk
    SLICE_X69Y22         FDCE                                         r  u_addr_pipe/stage0_src_y_q_reg[112]/C
  -------------------------------------------------------------------    -------------------
    SLICE_X69Y22         FDCE (Prop_fdce_C_Q)         0.456     1.429 r  u_addr_pipe/stage0_src_y_q_reg[112]/Q
                         net (fo=4, routed)           1.448     2.877    u_addr_pipe/stage0_src_y_q_reg_n_0_[112]
    DSP48_X2Y10          DSP48E1 (Prop_dsp48e1_A[0]_P[15])
                                                      3.841     6.718 r  u_addr_pipe/stage1_row_base_q0__2/P[15]
                         net (fo=1, routed)           0.863     7.581    u_addr_pipe/stage1_row_base_q0__2_n_90
    SLICE_X34Y27         LUT2 (Prop_lut2_I1_O)        0.148     7.729 r  u_addr_pipe/stage1_row_base_q[72]_i_1/O
                         net (fo=1, routed)           0.000     7.729    u_addr_pipe/stage1_row_base_q[72]_i_1_n_0
    SLICE_X34Y27         FDCE                                         r  u_addr_pipe/stage1_row_base_q_reg[72]/D
  -------------------------------------------------------------------    -------------------

                         (clock clk rise edge)        7.220     7.220 r  
                                                      0.000     7.220 r  clk (IN)
                         net (fo=1026, unset)         0.924     8.144    u_addr_pipe/clk
    SLICE_X34Y27         FDCE                                         r  u_addr_pipe/stage1_row_base_q_reg[72]/C
                         clock pessimism              0.000     8.144    
                         clock uncertainty           -0.035     8.109    
    SLICE_X34Y27         FDCE (Setup_fdce_C_D)        0.118     8.227    u_addr_pipe/stage1_row_base_q_reg[72]
  -------------------------------------------------------------------
                         required time                          8.227    
                         arrival time                          -7.729    
  -------------------------------------------------------------------
                         slack                                  0.498    

Slack (MET) :             0.513ns  (required time - arrival time)
  Source:                 u_addr_pipe/stage0_src_y_q_reg[112]/C
                            (rising edge-triggered cell FDCE clocked by clk  {rise@0.000ns fall@3.610ns period=7.220ns})
  Destination:            u_addr_pipe/stage1_row_base_q_reg[74]/D
                            (rising edge-triggered cell FDCE clocked by clk  {rise@0.000ns fall@3.610ns period=7.220ns})
  Path Group:             clk
  Path Type:              Setup (Max at Slow Process Corner)
  Requirement:            7.220ns  (clk rise@7.220ns - clk rise@0.000ns)
  Data Path Delay:        6.741ns  (logic 4.445ns (65.937%)  route 2.296ns (34.063%))
  Logic Levels:           2  (DSP48E1=1 LUT2=1)
  Clock Path Skew:        -0.049ns (DCD - SCD + CPR)
    Destination Clock Delay (DCD):    0.924ns = ( 8.144 - 7.220 ) 
    Source Clock Delay      (SCD):    0.973ns
    Clock Pessimism Removal (CPR):    0.000ns
  Clock Uncertainty:      0.035ns  ((TSJ^2 + TIJ^2)^1/2 + DJ) / 2 + PE
    Total System Jitter     (TSJ):    0.071ns
    Total Input Jitter      (TIJ):    0.000ns
    Discrete Jitter          (DJ):    0.000ns
    Phase Error              (PE):    0.000ns

    Location             Delay type                Incr(ns)  Path(ns)    Netlist Resource(s)
  -------------------------------------------------------------------    -------------------
                         (clock clk rise edge)        0.000     0.000 r  
                                                      0.000     0.000 r  clk (IN)
                         net (fo=1026, unset)         0.973     0.973    u_addr_pipe/clk
    SLICE_X69Y22         FDCE                                         r  u_addr_pipe/stage0_src_y_q_reg[112]/C
  -------------------------------------------------------------------    -------------------
    SLICE_X69Y22         FDCE (Prop_fdce_C_Q)         0.456     1.429 r  u_addr_pipe/stage0_src_y_q_reg[112]/Q
                         net (fo=4, routed)           1.448     2.877    u_addr_pipe/stage0_src_y_q_reg_n_0_[112]
    DSP48_X2Y10          DSP48E1 (Prop_dsp48e1_A[0]_P[17])
                                                      3.841     6.718 r  u_addr_pipe/stage1_row_base_q0__2/P[17]
                         net (fo=1, routed)           0.848     7.566    u_addr_pipe/stage1_row_base_q0__2_n_88
    SLICE_X34Y29         LUT2 (Prop_lut2_I1_O)        0.148     7.714 r  u_addr_pipe/stage1_row_base_q[74]_i_1/O
                         net (fo=1, routed)           0.000     7.714    u_addr_pipe/stage1_row_base_q[74]_i_1_n_0
    SLICE_X34Y29         FDCE                                         r  u_addr_pipe/stage1_row_base_q_reg[74]/D
  -------------------------------------------------------------------    -------------------

                         (clock clk rise edge)        7.220     7.220 r  
                                                      0.000     7.220 r  clk (IN)
                         net (fo=1026, unset)         0.924     8.144    u_addr_pipe/clk
    SLICE_X34Y29         FDCE                                         r  u_addr_pipe/stage1_row_base_q_reg[74]/C
                         clock pessimism              0.000     8.144    
                         clock uncertainty           -0.035     8.109    
    SLICE_X34Y29         FDCE (Setup_fdce_C_D)        0.118     8.227    u_addr_pipe/stage1_row_base_q_reg[74]
  -------------------------------------------------------------------
                         required time                          8.227    
                         arrival time                          -7.714    
  -------------------------------------------------------------------
                         slack                                  0.513    

Slack (MET) :             0.536ns  (required time - arrival time)
  Source:                 u_addr_pipe/stage0_src_y_q_reg[112]/C
                            (rising edge-triggered cell FDCE clocked by clk  {rise@0.000ns fall@3.610ns period=7.220ns})
  Destination:            u_addr_pipe/stage1_row_base_q_reg[134]/D
                            (rising edge-triggered cell FDCE clocked by clk  {rise@0.000ns fall@3.610ns period=7.220ns})
  Path Group:             clk
  Path Type:              Setup (Max at Slow Process Corner)
  Requirement:            7.220ns  (clk rise@7.220ns - clk rise@0.000ns)
  Data Path Delay:        6.675ns  (logic 4.447ns (66.621%)  route 2.228ns (33.379%))
  Logic Levels:           2  (DSP48E1=1 LUT2=1)
  Clock Path Skew:        -0.049ns (DCD - SCD + CPR)
    Destination Clock Delay (DCD):    0.924ns = ( 8.144 - 7.220 ) 
    Source Clock Delay      (SCD):    0.973ns
    Clock Pessimism Removal (CPR):    0.000ns
  Clock Uncertainty:      0.035ns  ((TSJ^2 + TIJ^2)^1/2 + DJ) / 2 + PE
    Total System Jitter     (TSJ):    0.071ns
    Total Input Jitter      (TIJ):    0.000ns
    Discrete Jitter          (DJ):    0.000ns
    Phase Error              (PE):    0.000ns

    Location             Delay type                Incr(ns)  Path(ns)    Netlist Resource(s)
  -------------------------------------------------------------------    -------------------
                         (clock clk rise edge)        0.000     0.000 r  
                                                      0.000     0.000 r  clk (IN)
                         net (fo=1026, unset)         0.973     0.973    u_addr_pipe/clk
    SLICE_X69Y22         FDCE                                         r  u_addr_pipe/stage0_src_y_q_reg[112]/C
  -------------------------------------------------------------------    -------------------
    SLICE_X69Y22         FDCE (Prop_fdce_C_Q)         0.456     1.429 r  u_addr_pipe/stage0_src_y_q_reg[112]/Q
                         net (fo=4, routed)           1.288     2.717    u_addr_pipe/stage0_src_y_q_reg_n_0_[112]
    DSP48_X2Y8           DSP48E1 (Prop_dsp48e1_A[0]_P[1])
                                                      3.841     6.558 r  u_addr_pipe/stage1_row_base_q0__6/P[1]
                         net (fo=1, routed)           0.940     7.498    u_addr_pipe/stage1_row_base_q0__6_n_104
    SLICE_X37Y20         LUT2 (Prop_lut2_I1_O)        0.150     7.648 r  u_addr_pipe/stage1_row_base_q[134]_i_1/O
                         net (fo=1, routed)           0.000     7.648    u_addr_pipe/stage1_row_base_q[134]_i_1_n_0
    SLICE_X37Y20         FDCE                                         r  u_addr_pipe/stage1_row_base_q_reg[134]/D
  -------------------------------------------------------------------    -------------------

                         (clock clk rise edge)        7.220     7.220 r  
                                                      0.000     7.220 r  clk (IN)
                         net (fo=1026, unset)         0.924     8.144    u_addr_pipe/clk
    SLICE_X37Y20         FDCE                                         r  u_addr_pipe/stage1_row_base_q_reg[134]/C
                         clock pessimism              0.000     8.144    
                         clock uncertainty           -0.035     8.109    
    SLICE_X37Y20         FDCE (Setup_fdce_C_D)        0.075     8.184    u_addr_pipe/stage1_row_base_q_reg[134]
  -------------------------------------------------------------------
                         required time                          8.184    
                         arrival time                          -7.648    
  -------------------------------------------------------------------
                         slack                                  0.536    

Slack (MET) :             0.540ns  (required time - arrival time)
  Source:                 u_addr_pipe/stage0_src_y_q_reg[112]/C
                            (rising edge-triggered cell FDCE clocked by clk  {rise@0.000ns fall@3.610ns period=7.220ns})
  Destination:            u_addr_pipe/stage1_row_base_q_reg[63]/D
                            (rising edge-triggered cell FDCE clocked by clk  {rise@0.000ns fall@3.610ns period=7.220ns})
  Path Group:             clk
  Path Type:              Setup (Max at Slow Process Corner)
  Requirement:            7.220ns  (clk rise@7.220ns - clk rise@0.000ns)
  Data Path Delay:        6.627ns  (logic 4.421ns (66.709%)  route 2.206ns (33.291%))
  Logic Levels:           2  (DSP48E1=1 LUT2=1)
  Clock Path Skew:        -0.049ns (DCD - SCD + CPR)
    Destination Clock Delay (DCD):    0.924ns = ( 8.144 - 7.220 ) 
    Source Clock Delay      (SCD):    0.973ns
    Clock Pessimism Removal (CPR):    0.000ns
  Clock Uncertainty:      0.035ns  ((TSJ^2 + TIJ^2)^1/2 + DJ) / 2 + PE
    Total System Jitter     (TSJ):    0.071ns
    Total Input Jitter      (TIJ):    0.000ns
    Discrete Jitter          (DJ):    0.000ns
    Phase Error              (PE):    0.000ns

    Location             Delay type                Incr(ns)  Path(ns)    Netlist Resource(s)
  -------------------------------------------------------------------    -------------------
                         (clock clk rise edge)        0.000     0.000 r  
                                                      0.000     0.000 r  clk (IN)
                         net (fo=1026, unset)         0.973     0.973    u_addr_pipe/clk
    SLICE_X69Y22         FDCE                                         r  u_addr_pipe/stage0_src_y_q_reg[112]/C
  -------------------------------------------------------------------    -------------------
    SLICE_X69Y22         FDCE (Prop_fdce_C_Q)         0.456     1.429 r  u_addr_pipe/stage0_src_y_q_reg[112]/Q
                         net (fo=4, routed)           1.448     2.877    u_addr_pipe/stage0_src_y_q_reg_n_0_[112]
    DSP48_X2Y10          DSP48E1 (Prop_dsp48e1_A[0]_P[6])
                                                      3.841     6.718 r  u_addr_pipe/stage1_row_base_q0__2/P[6]
                         net (fo=1, routed)           0.758     7.476    u_addr_pipe/stage1_row_base_q0__2_n_99
    SLICE_X35Y26         LUT2 (Prop_lut2_I1_O)        0.124     7.600 r  u_addr_pipe/stage1_row_base_q[63]_i_1/O
                         net (fo=1, routed)           0.000     7.600    u_addr_pipe/stage1_row_base_q[63]_i_1_n_0
    SLICE_X35Y26         FDCE                                         r  u_addr_pipe/stage1_row_base_q_reg[63]/D
  -------------------------------------------------------------------    -------------------

                         (clock clk rise edge)        7.220     7.220 r  
                                                      0.000     7.220 r  clk (IN)
                         net (fo=1026, unset)         0.924     8.144    u_addr_pipe/clk
    SLICE_X35Y26         FDCE                                         r  u_addr_pipe/stage1_row_base_q_reg[63]/C
                         clock pessimism              0.000     8.144    
                         clock uncertainty           -0.035     8.109    
    SLICE_X35Y26         FDCE (Setup_fdce_C_D)        0.031     8.140    u_addr_pipe/stage1_row_base_q_reg[63]
  -------------------------------------------------------------------
                         required time                          8.140    
                         arrival time                          -7.600    
  -------------------------------------------------------------------
                         slack                                  0.540    

Slack (MET) :             0.540ns  (required time - arrival time)
  Source:                 u_addr_pipe/stage0_src_y_q_reg[112]/C
                            (rising edge-triggered cell FDCE clocked by clk  {rise@0.000ns fall@3.610ns period=7.220ns})
  Destination:            u_addr_pipe/stage1_row_base_q_reg[67]/D
                            (rising edge-triggered cell FDCE clocked by clk  {rise@0.000ns fall@3.610ns period=7.220ns})
  Path Group:             clk
  Path Type:              Setup (Max at Slow Process Corner)
  Requirement:            7.220ns  (clk rise@7.220ns - clk rise@0.000ns)
  Data Path Delay:        6.627ns  (logic 4.421ns (66.709%)  route 2.206ns (33.291%))
  Logic Levels:           2  (DSP48E1=1 LUT2=1)
  Clock Path Skew:        -0.049ns (DCD - SCD + CPR)
    Destination Clock Delay (DCD):    0.924ns = ( 8.144 - 7.220 ) 
    Source Clock Delay      (SCD):    0.973ns
    Clock Pessimism Removal (CPR):    0.000ns
  Clock Uncertainty:      0.035ns  ((TSJ^2 + TIJ^2)^1/2 + DJ) / 2 + PE
    Total System Jitter     (TSJ):    0.071ns
    Total Input Jitter      (TIJ):    0.000ns
    Discrete Jitter          (DJ):    0.000ns
    Phase Error              (PE):    0.000ns

    Location             Delay type                Incr(ns)  Path(ns)    Netlist Resource(s)
  -------------------------------------------------------------------    -------------------
                         (clock clk rise edge)        0.000     0.000 r  
                                                      0.000     0.000 r  clk (IN)
                         net (fo=1026, unset)         0.973     0.973    u_addr_pipe/clk
    SLICE_X69Y22         FDCE                                         r  u_addr_pipe/stage0_src_y_q_reg[112]/C
  -------------------------------------------------------------------    -------------------
    SLICE_X69Y22         FDCE (Prop_fdce_C_Q)         0.456     1.429 r  u_addr_pipe/stage0_src_y_q_reg[112]/Q
                         net (fo=4, routed)           1.448     2.877    u_addr_pipe/stage0_src_y_q_reg_n_0_[112]
    DSP48_X2Y10          DSP48E1 (Prop_dsp48e1_A[0]_P[10])
                                                      3.841     6.718 r  u_addr_pipe/stage1_row_base_q0__2/P[10]
                         net (fo=1, routed)           0.758     7.476    u_addr_pipe/stage1_row_base_q0__2_n_95
    SLICE_X35Y27         LUT2 (Prop_lut2_I1_O)        0.124     7.600 r  u_addr_pipe/stage1_row_base_q[67]_i_1/O
                         net (fo=1, routed)           0.000     7.600    u_addr_pipe/stage1_row_base_q[67]_i_1_n_0
    SLICE_X35Y27         FDCE                                         r  u_addr_pipe/stage1_row_base_q_reg[67]/D
  -------------------------------------------------------------------    -------------------

                         (clock clk rise edge)        7.220     7.220 r  
                                                      0.000     7.220 r  clk (IN)
                         net (fo=1026, unset)         0.924     8.144    u_addr_pipe/clk
    SLICE_X35Y27         FDCE                                         r  u_addr_pipe/stage1_row_base_q_reg[67]/C
                         clock pessimism              0.000     8.144    
                         clock uncertainty           -0.035     8.109    
    SLICE_X35Y27         FDCE (Setup_fdce_C_D)        0.031     8.140    u_addr_pipe/stage1_row_base_q_reg[67]
  -------------------------------------------------------------------
                         required time                          8.140    
                         arrival time                          -7.600    
  -------------------------------------------------------------------
                         slack                                  0.540    

Slack (MET) :             0.554ns  (required time - arrival time)
  Source:                 u_addr_pipe/stage0_src_y_q_reg[112]/C
                            (rising edge-triggered cell FDCE clocked by clk  {rise@0.000ns fall@3.610ns period=7.220ns})
  Destination:            u_addr_pipe/stage1_row_base_q_reg[104]/D
                            (rising edge-triggered cell FDCE clocked by clk  {rise@0.000ns fall@3.610ns period=7.220ns})
  Path Group:             clk
  Path Type:              Setup (Max at Slow Process Corner)
  Requirement:            7.220ns  (clk rise@7.220ns - clk rise@0.000ns)
  Data Path Delay:        6.700ns  (logic 4.447ns (66.370%)  route 2.253ns (33.630%))
  Logic Levels:           2  (DSP48E1=1 LUT2=1)
  Clock Path Skew:        -0.049ns (DCD - SCD + CPR)
    Destination Clock Delay (DCD):    0.924ns = ( 8.144 - 7.220 ) 
    Source Clock Delay      (SCD):    0.973ns
    Clock Pessimism Removal (CPR):    0.000ns
  Clock Uncertainty:      0.035ns  ((TSJ^2 + TIJ^2)^1/2 + DJ) / 2 + PE
    Total System Jitter     (TSJ):    0.071ns
    Total Input Jitter      (TIJ):    0.000ns
    Discrete Jitter          (DJ):    0.000ns
    Phase Error              (PE):    0.000ns

    Location             Delay type                Incr(ns)  Path(ns)    Netlist Resource(s)
  -------------------------------------------------------------------    -------------------
                         (clock clk rise edge)        0.000     0.000 r  
                                                      0.000     0.000 r  clk (IN)
                         net (fo=1026, unset)         0.973     0.973    u_addr_pipe/clk
    SLICE_X69Y22         FDCE                                         r  u_addr_pipe/stage0_src_y_q_reg[112]/C
  -------------------------------------------------------------------    -------------------
    SLICE_X69Y22         FDCE (Prop_fdce_C_Q)         0.456     1.429 r  u_addr_pipe/stage0_src_y_q_reg[112]/Q
                         net (fo=4, routed)           1.061     2.490    u_addr_pipe/stage0_src_y_q_reg_n_0_[112]
    DSP48_X3Y8           DSP48E1 (Prop_dsp48e1_A[0]_P[9])
                                                      3.841     6.331 r  u_addr_pipe/stage1_row_base_q0__4/P[9]
                         net (fo=1, routed)           1.192     7.523    u_addr_pipe/stage1_row_base_q0__4_n_96
    SLICE_X82Y22         LUT2 (Prop_lut2_I1_O)        0.150     7.673 r  u_addr_pipe/stage1_row_base_q[104]_i_1/O
                         net (fo=1, routed)           0.000     7.673    u_addr_pipe/stage1_row_base_q[104]_i_1_n_0
    SLICE_X82Y22         FDCE                                         r  u_addr_pipe/stage1_row_base_q_reg[104]/D
  -------------------------------------------------------------------    -------------------

                         (clock clk rise edge)        7.220     7.220 r  
                                                      0.000     7.220 r  clk (IN)
                         net (fo=1026, unset)         0.924     8.144    u_addr_pipe/clk
    SLICE_X82Y22         FDCE                                         r  u_addr_pipe/stage1_row_base_q_reg[104]/C
                         clock pessimism              0.000     8.144    
                         clock uncertainty           -0.035     8.109    
    SLICE_X82Y22         FDCE (Setup_fdce_C_D)        0.118     8.227    u_addr_pipe/stage1_row_base_q_reg[104]
  -------------------------------------------------------------------
                         required time                          8.227    
                         arrival time                          -7.673    
  -------------------------------------------------------------------
                         slack                                  0.554    

Slack (MET) :             0.554ns  (required time - arrival time)
  Source:                 u_addr_pipe/stage0_src_y_q_reg[112]/C
                            (rising edge-triggered cell FDCE clocked by clk  {rise@0.000ns fall@3.610ns period=7.220ns})
  Destination:            u_addr_pipe/stage1_row_base_q_reg[108]/D
                            (rising edge-triggered cell FDCE clocked by clk  {rise@0.000ns fall@3.610ns period=7.220ns})
  Path Group:             clk
  Path Type:              Setup (Max at Slow Process Corner)
  Requirement:            7.220ns  (clk rise@7.220ns - clk rise@0.000ns)
  Data Path Delay:        6.700ns  (logic 4.447ns (66.370%)  route 2.253ns (33.630%))
  Logic Levels:           2  (DSP48E1=1 LUT2=1)
  Clock Path Skew:        -0.049ns (DCD - SCD + CPR)
    Destination Clock Delay (DCD):    0.924ns = ( 8.144 - 7.220 ) 
    Source Clock Delay      (SCD):    0.973ns
    Clock Pessimism Removal (CPR):    0.000ns
  Clock Uncertainty:      0.035ns  ((TSJ^2 + TIJ^2)^1/2 + DJ) / 2 + PE
    Total System Jitter     (TSJ):    0.071ns
    Total Input Jitter      (TIJ):    0.000ns
    Discrete Jitter          (DJ):    0.000ns
    Phase Error              (PE):    0.000ns

    Location             Delay type                Incr(ns)  Path(ns)    Netlist Resource(s)
  -------------------------------------------------------------------    -------------------
                         (clock clk rise edge)        0.000     0.000 r  
                                                      0.000     0.000 r  clk (IN)
                         net (fo=1026, unset)         0.973     0.973    u_addr_pipe/clk
    SLICE_X69Y22         FDCE                                         r  u_addr_pipe/stage0_src_y_q_reg[112]/C
  -------------------------------------------------------------------    -------------------
    SLICE_X69Y22         FDCE (Prop_fdce_C_Q)         0.456     1.429 r  u_addr_pipe/stage0_src_y_q_reg[112]/Q
                         net (fo=4, routed)           1.061     2.490    u_addr_pipe/stage0_src_y_q_reg_n_0_[112]
    DSP48_X3Y8           DSP48E1 (Prop_dsp48e1_A[0]_P[13])
                                                      3.841     6.331 r  u_addr_pipe/stage1_row_base_q0__4/P[13]
                         net (fo=1, routed)           1.192     7.523    u_addr_pipe/stage1_row_base_q0__4_n_92
    SLICE_X82Y23         LUT2 (Prop_lut2_I1_O)        0.150     7.673 r  u_addr_pipe/stage1_row_base_q[108]_i_1/O
                         net (fo=1, routed)           0.000     7.673    u_addr_pipe/stage1_row_base_q[108]_i_1_n_0
    SLICE_X82Y23         FDCE                                         r  u_addr_pipe/stage1_row_base_q_reg[108]/D
  -------------------------------------------------------------------    -------------------

                         (clock clk rise edge)        7.220     7.220 r  
                                                      0.000     7.220 r  clk (IN)
                         net (fo=1026, unset)         0.924     8.144    u_addr_pipe/clk
    SLICE_X82Y23         FDCE                                         r  u_addr_pipe/stage1_row_base_q_reg[108]/C
                         clock pessimism              0.000     8.144    
                         clock uncertainty           -0.035     8.109    
    SLICE_X82Y23         FDCE (Setup_fdce_C_D)        0.118     8.227    u_addr_pipe/stage1_row_base_q_reg[108]
  -------------------------------------------------------------------
                         required time                          8.227    
                         arrival time                          -7.673    
  -------------------------------------------------------------------
                         slack                                  0.554    

Slack (MET) :             0.554ns  (required time - arrival time)
  Source:                 u_addr_pipe/stage0_src_y_q_reg[112]/C
                            (rising edge-triggered cell FDCE clocked by clk  {rise@0.000ns fall@3.610ns period=7.220ns})
  Destination:            u_addr_pipe/stage1_row_base_q_reg[112]/D
                            (rising edge-triggered cell FDCE clocked by clk  {rise@0.000ns fall@3.610ns period=7.220ns})
  Path Group:             clk
  Path Type:              Setup (Max at Slow Process Corner)
  Requirement:            7.220ns  (clk rise@7.220ns - clk rise@0.000ns)
  Data Path Delay:        6.700ns  (logic 4.447ns (66.370%)  route 2.253ns (33.630%))
  Logic Levels:           2  (DSP48E1=1 LUT2=1)
  Clock Path Skew:        -0.049ns (DCD - SCD + CPR)
    Destination Clock Delay (DCD):    0.924ns = ( 8.144 - 7.220 ) 
    Source Clock Delay      (SCD):    0.973ns
    Clock Pessimism Removal (CPR):    0.000ns
  Clock Uncertainty:      0.035ns  ((TSJ^2 + TIJ^2)^1/2 + DJ) / 2 + PE
    Total System Jitter     (TSJ):    0.071ns
    Total Input Jitter      (TIJ):    0.000ns
    Discrete Jitter          (DJ):    0.000ns
    Phase Error              (PE):    0.000ns

    Location             Delay type                Incr(ns)  Path(ns)    Netlist Resource(s)
  -------------------------------------------------------------------    -------------------
                         (clock clk rise edge)        0.000     0.000 r  
                                                      0.000     0.000 r  clk (IN)
                         net (fo=1026, unset)         0.973     0.973    u_addr_pipe/clk
    SLICE_X69Y22         FDCE                                         r  u_addr_pipe/stage0_src_y_q_reg[112]/C
  -------------------------------------------------------------------    -------------------
    SLICE_X69Y22         FDCE (Prop_fdce_C_Q)         0.456     1.429 r  u_addr_pipe/stage0_src_y_q_reg[112]/Q
                         net (fo=4, routed)           1.061     2.490    u_addr_pipe/stage0_src_y_q_reg_n_0_[112]
    DSP48_X3Y8           DSP48E1 (Prop_dsp48e1_A[0]_P[17])
                                                      3.841     6.331 r  u_addr_pipe/stage1_row_base_q0__4/P[17]
                         net (fo=1, routed)           1.192     7.523    u_addr_pipe/stage1_row_base_q0__4_n_88
    SLICE_X82Y24         LUT2 (Prop_lut2_I1_O)        0.150     7.673 r  u_addr_pipe/stage1_row_base_q[112]_i_1/O
                         net (fo=1, routed)           0.000     7.673    u_addr_pipe/stage1_row_base_q[112]_i_1_n_0
    SLICE_X82Y24         FDCE                                         r  u_addr_pipe/stage1_row_base_q_reg[112]/D
  -------------------------------------------------------------------    -------------------

                         (clock clk rise edge)        7.220     7.220 r  
                                                      0.000     7.220 r  clk (IN)
                         net (fo=1026, unset)         0.924     8.144    u_addr_pipe/clk
    SLICE_X82Y24         FDCE                                         r  u_addr_pipe/stage1_row_base_q_reg[112]/C
                         clock pessimism              0.000     8.144    
                         clock uncertainty           -0.035     8.109    
    SLICE_X82Y24         FDCE (Setup_fdce_C_D)        0.118     8.227    u_addr_pipe/stage1_row_base_q_reg[112]
  -------------------------------------------------------------------
                         required time                          8.227    
                         arrival time                          -7.673    
  -------------------------------------------------------------------
                         slack                                  0.554    

Slack (MET) :             0.557ns  (required time - arrival time)
  Source:                 u_addr_pipe/stage0_src_y_q_reg[112]/C
                            (rising edge-triggered cell FDCE clocked by clk  {rise@0.000ns fall@3.610ns period=7.220ns})
  Destination:            u_addr_pipe/stage1_row_base_q_reg[102]/D
                            (rising edge-triggered cell FDCE clocked by clk  {rise@0.000ns fall@3.610ns period=7.220ns})
  Path Group:             clk
  Path Type:              Setup (Max at Slow Process Corner)
  Requirement:            7.220ns  (clk rise@7.220ns - clk rise@0.000ns)
  Data Path Delay:        6.697ns  (logic 4.447ns (66.401%)  route 2.250ns (33.599%))
  Logic Levels:           2  (DSP48E1=1 LUT2=1)
  Clock Path Skew:        -0.049ns (DCD - SCD + CPR)
    Destination Clock Delay (DCD):    0.924ns = ( 8.144 - 7.220 ) 
    Source Clock Delay      (SCD):    0.973ns
    Clock Pessimism Removal (CPR):    0.000ns
  Clock Uncertainty:      0.035ns  ((TSJ^2 + TIJ^2)^1/2 + DJ) / 2 + PE
    Total System Jitter     (TSJ):    0.071ns
    Total Input Jitter      (TIJ):    0.000ns
    Discrete Jitter          (DJ):    0.000ns
    Phase Error              (PE):    0.000ns

    Location             Delay type                Incr(ns)  Path(ns)    Netlist Resource(s)
  -------------------------------------------------------------------    -------------------
                         (clock clk rise edge)        0.000     0.000 r  
                                                      0.000     0.000 r  clk (IN)
                         net (fo=1026, unset)         0.973     0.973    u_addr_pipe/clk
    SLICE_X69Y22         FDCE                                         r  u_addr_pipe/stage0_src_y_q_reg[112]/C
  -------------------------------------------------------------------    -------------------
    SLICE_X69Y22         FDCE (Prop_fdce_C_Q)         0.456     1.429 r  u_addr_pipe/stage0_src_y_q_reg[112]/Q
                         net (fo=4, routed)           1.061     2.490    u_addr_pipe/stage0_src_y_q_reg_n_0_[112]
    DSP48_X3Y8           DSP48E1 (Prop_dsp48e1_A[0]_P[7])
                                                      3.841     6.331 r  u_addr_pipe/stage1_row_base_q0__4/P[7]
                         net (fo=1, routed)           1.189     7.520    u_addr_pipe/stage1_row_base_q0__4_n_98
    SLICE_X82Y21         LUT2 (Prop_lut2_I1_O)        0.150     7.670 r  u_addr_pipe/stage1_row_base_q[102]_i_1/O
                         net (fo=1, routed)           0.000     7.670    u_addr_pipe/stage1_row_base_q[102]_i_1_n_0
    SLICE_X82Y21         FDCE                                         r  u_addr_pipe/stage1_row_base_q_reg[102]/D
  -------------------------------------------------------------------    -------------------

                         (clock clk rise edge)        7.220     7.220 r  
                                                      0.000     7.220 r  clk (IN)
                         net (fo=1026, unset)         0.924     8.144    u_addr_pipe/clk
    SLICE_X82Y21         FDCE                                         r  u_addr_pipe/stage1_row_base_q_reg[102]/C
                         clock pessimism              0.000     8.144    
                         clock uncertainty           -0.035     8.109    
    SLICE_X82Y21         FDCE (Setup_fdce_C_D)        0.118     8.227    u_addr_pipe/stage1_row_base_q_reg[102]
  -------------------------------------------------------------------
                         required time                          8.227    
                         arrival time                          -7.670    
  -------------------------------------------------------------------
                         slack                                  0.557    

Slack (MET) :             0.557ns  (required time - arrival time)
  Source:                 u_addr_pipe/stage0_src_y_q_reg[112]/C
                            (rising edge-triggered cell FDCE clocked by clk  {rise@0.000ns fall@3.610ns period=7.220ns})
  Destination:            u_addr_pipe/stage1_row_base_q_reg[106]/D
                            (rising edge-triggered cell FDCE clocked by clk  {rise@0.000ns fall@3.610ns period=7.220ns})
  Path Group:             clk
  Path Type:              Setup (Max at Slow Process Corner)
  Requirement:            7.220ns  (clk rise@7.220ns - clk rise@0.000ns)
  Data Path Delay:        6.697ns  (logic 4.447ns (66.401%)  route 2.250ns (33.599%))
  Logic Levels:           2  (DSP48E1=1 LUT2=1)
  Clock Path Skew:        -0.049ns (DCD - SCD + CPR)
    Destination Clock Delay (DCD):    0.924ns = ( 8.144 - 7.220 ) 
    Source Clock Delay      (SCD):    0.973ns
    Clock Pessimism Removal (CPR):    0.000ns
  Clock Uncertainty:      0.035ns  ((TSJ^2 + TIJ^2)^1/2 + DJ) / 2 + PE
    Total System Jitter     (TSJ):    0.071ns
    Total Input Jitter      (TIJ):    0.000ns
    Discrete Jitter          (DJ):    0.000ns
    Phase Error              (PE):    0.000ns

    Location             Delay type                Incr(ns)  Path(ns)    Netlist Resource(s)
  -------------------------------------------------------------------    -------------------
                         (clock clk rise edge)        0.000     0.000 r  
                                                      0.000     0.000 r  clk (IN)
                         net (fo=1026, unset)         0.973     0.973    u_addr_pipe/clk
    SLICE_X69Y22         FDCE                                         r  u_addr_pipe/stage0_src_y_q_reg[112]/C
  -------------------------------------------------------------------    -------------------
    SLICE_X69Y22         FDCE (Prop_fdce_C_Q)         0.456     1.429 r  u_addr_pipe/stage0_src_y_q_reg[112]/Q
                         net (fo=4, routed)           1.061     2.490    u_addr_pipe/stage0_src_y_q_reg_n_0_[112]
    DSP48_X3Y8           DSP48E1 (Prop_dsp48e1_A[0]_P[11])
                                                      3.841     6.331 r  u_addr_pipe/stage1_row_base_q0__4/P[11]
                         net (fo=1, routed)           1.189     7.520    u_addr_pipe/stage1_row_base_q0__4_n_94
    SLICE_X82Y22         LUT2 (Prop_lut2_I1_O)        0.150     7.670 r  u_addr_pipe/stage1_row_base_q[106]_i_1/O
                         net (fo=1, routed)           0.000     7.670    u_addr_pipe/stage1_row_base_q[106]_i_1_n_0
    SLICE_X82Y22         FDCE                                         r  u_addr_pipe/stage1_row_base_q_reg[106]/D
  -------------------------------------------------------------------    -------------------

                         (clock clk rise edge)        7.220     7.220 r  
                                                      0.000     7.220 r  clk (IN)
                         net (fo=1026, unset)         0.924     8.144    u_addr_pipe/clk
    SLICE_X82Y22         FDCE                                         r  u_addr_pipe/stage1_row_base_q_reg[106]/C
                         clock pessimism              0.000     8.144    
                         clock uncertainty           -0.035     8.109    
    SLICE_X82Y22         FDCE (Setup_fdce_C_D)        0.118     8.227    u_addr_pipe/stage1_row_base_q_reg[106]
  -------------------------------------------------------------------
                         required time                          8.227    
                         arrival time                          -7.670    
  -------------------------------------------------------------------
                         slack                                  0.557    

Slack (MET) :             0.557ns  (required time - arrival time)
  Source:                 u_addr_pipe/stage0_src_y_q_reg[112]/C
                            (rising edge-triggered cell FDCE clocked by clk  {rise@0.000ns fall@3.610ns period=7.220ns})
  Destination:            u_addr_pipe/stage1_row_base_q_reg[110]/D
                            (rising edge-triggered cell FDCE clocked by clk  {rise@0.000ns fall@3.610ns period=7.220ns})
  Path Group:             clk
  Path Type:              Setup (Max at Slow Process Corner)
  Requirement:            7.220ns  (clk rise@7.220ns - clk rise@0.000ns)
  Data Path Delay:        6.697ns  (logic 4.447ns (66.401%)  route 2.250ns (33.599%))
  Logic Levels:           2  (DSP48E1=1 LUT2=1)
  Clock Path Skew:        -0.049ns (DCD - SCD + CPR)
    Destination Clock Delay (DCD):    0.924ns = ( 8.144 - 7.220 ) 
    Source Clock Delay      (SCD):    0.973ns
    Clock Pessimism Removal (CPR):    0.000ns
  Clock Uncertainty:      0.035ns  ((TSJ^2 + TIJ^2)^1/2 + DJ) / 2 + PE
    Total System Jitter     (TSJ):    0.071ns
    Total Input Jitter      (TIJ):    0.000ns
    Discrete Jitter          (DJ):    0.000ns
    Phase Error              (PE):    0.000ns

    Location             Delay type                Incr(ns)  Path(ns)    Netlist Resource(s)
  -------------------------------------------------------------------    -------------------
                         (clock clk rise edge)        0.000     0.000 r  
                                                      0.000     0.000 r  clk (IN)
                         net (fo=1026, unset)         0.973     0.973    u_addr_pipe/clk
    SLICE_X69Y22         FDCE                                         r  u_addr_pipe/stage0_src_y_q_reg[112]/C
  -------------------------------------------------------------------    -------------------
    SLICE_X69Y22         FDCE (Prop_fdce_C_Q)         0.456     1.429 r  u_addr_pipe/stage0_src_y_q_reg[112]/Q
                         net (fo=4, routed)           1.061     2.490    u_addr_pipe/stage0_src_y_q_reg_n_0_[112]
    DSP48_X3Y8           DSP48E1 (Prop_dsp48e1_A[0]_P[15])
                                                      3.841     6.331 r  u_addr_pipe/stage1_row_base_q0__4/P[15]
                         net (fo=1, routed)           1.189     7.520    u_addr_pipe/stage1_row_base_q0__4_n_90
    SLICE_X82Y23         LUT2 (Prop_lut2_I1_O)        0.150     7.670 r  u_addr_pipe/stage1_row_base_q[110]_i_1/O
                         net (fo=1, routed)           0.000     7.670    u_addr_pipe/stage1_row_base_q[110]_i_1_n_0
    SLICE_X82Y23         FDCE                                         r  u_addr_pipe/stage1_row_base_q_reg[110]/D
  -------------------------------------------------------------------    -------------------

                         (clock clk rise edge)        7.220     7.220 r  
                                                      0.000     7.220 r  clk (IN)
                         net (fo=1026, unset)         0.924     8.144    u_addr_pipe/clk
    SLICE_X82Y23         FDCE                                         r  u_addr_pipe/stage1_row_base_q_reg[110]/C
                         clock pessimism              0.000     8.144    
                         clock uncertainty           -0.035     8.109    
    SLICE_X82Y23         FDCE (Setup_fdce_C_D)        0.118     8.227    u_addr_pipe/stage1_row_base_q_reg[110]
  -------------------------------------------------------------------
                         required time                          8.227    
                         arrival time                          -7.670    
  -------------------------------------------------------------------
                         slack                                  0.557    

Slack (MET) :             0.572ns  (required time - arrival time)
  Source:                 u_addr_pipe/stage0_src_y_q_reg[64]/C
                            (rising edge-triggered cell FDCE clocked by clk  {rise@0.000ns fall@3.610ns period=7.220ns})
  Destination:            u_addr_pipe/stage1_row_base_q_reg[13]/D
                            (rising edge-triggered cell FDCE clocked by clk  {rise@0.000ns fall@3.610ns period=7.220ns})
  Path Group:             clk
  Path Type:              Setup (Max at Slow Process Corner)
  Requirement:            7.220ns  (clk rise@7.220ns - clk rise@0.000ns)
  Data Path Delay:        6.641ns  (logic 4.421ns (66.572%)  route 2.220ns (33.428%))
  Logic Levels:           2  (DSP48E1=1 LUT2=1)
  Clock Path Skew:        -0.049ns (DCD - SCD + CPR)
    Destination Clock Delay (DCD):    0.924ns = ( 8.144 - 7.220 ) 
    Source Clock Delay      (SCD):    0.973ns
    Clock Pessimism Removal (CPR):    0.000ns
  Clock Uncertainty:      0.035ns  ((TSJ^2 + TIJ^2)^1/2 + DJ) / 2 + PE
    Total System Jitter     (TSJ):    0.071ns
    Total Input Jitter      (TIJ):    0.000ns
    Discrete Jitter          (DJ):    0.000ns
    Phase Error              (PE):    0.000ns

    Location             Delay type                Incr(ns)  Path(ns)    Netlist Resource(s)
  -------------------------------------------------------------------    -------------------
                         (clock clk rise edge)        0.000     0.000 r  
                                                      0.000     0.000 r  clk (IN)
                         net (fo=1026, unset)         0.973     0.973    u_addr_pipe/clk
    SLICE_X33Y25         FDCE                                         r  u_addr_pipe/stage0_src_y_q_reg[64]/C
  -------------------------------------------------------------------    -------------------
    SLICE_X33Y25         FDCE (Prop_fdce_C_Q)         0.456     1.429 r  u_addr_pipe/stage0_src_y_q_reg[64]/Q
                         net (fo=3, routed)           1.429     2.858    u_addr_pipe/stage0_src_y_q_reg_n_0_[64]
    DSP48_X1Y12          DSP48E1 (Prop_dsp48e1_A[0]_P[13])
                                                      3.841     6.699 r  u_addr_pipe/stage1_row_base_q0/P[13]
                         net (fo=1, routed)           0.791     7.490    u_addr_pipe/stage1_row_base_q0_n_92
    SLICE_X20Y34         LUT2 (Prop_lut2_I1_O)        0.124     7.614 r  u_addr_pipe/stage1_row_base_q[13]_i_1/O
                         net (fo=1, routed)           0.000     7.614    u_addr_pipe/stage1_row_base_q[13]_i_1_n_0
    SLICE_X20Y34         FDCE                                         r  u_addr_pipe/stage1_row_base_q_reg[13]/D
  -------------------------------------------------------------------    -------------------

                         (clock clk rise edge)        7.220     7.220 r  
                                                      0.000     7.220 r  clk (IN)
                         net (fo=1026, unset)         0.924     8.144    u_addr_pipe/clk
    SLICE_X20Y34         FDCE                                         r  u_addr_pipe/stage1_row_base_q_reg[13]/C
                         clock pessimism              0.000     8.144    
                         clock uncertainty           -0.035     8.109    
    SLICE_X20Y34         FDCE (Setup_fdce_C_D)        0.077     8.186    u_addr_pipe/stage1_row_base_q_reg[13]
  -------------------------------------------------------------------
                         required time                          8.186    
                         arrival time                          -7.614    
  -------------------------------------------------------------------
                         slack                                  0.572    




