Copyright 1986-2018 Xilinx, Inc. All Rights Reserved.
------------------------------------------------------------------------------------------------------------------------------------------------------------
| Tool Version : Vivado v.2018.3 (win64) Build 2405991 Thu Dec  6 23:38:27 MST 2018
| Date         : Tue Apr 21 17:39:20 2026
| Host         : LAPTOP-PN7UO2EC running 64-bit major release  (build 9200)
| Command      : report_timing -delay_type min -max_paths 20 -file D:/Work/Git/jichuang-linksea-h6_person2/timing_runs/gray_window_gaussian/timing_hold.rpt
| Design       : gray_window_gaussian_chain_top
| Device       : 7z020-clg400
| Speed File   : -1  PRODUCTION 1.11 2014-09-11
------------------------------------------------------------------------------------------------------------------------------------------------------------

Timing Report

Slack (MET) :             0.127ns  (arrival time - required time)
  Source:                 u_window3x3/pipe_data_q_reg[65]/C
                            (rising edge-triggered cell FDCE clocked by clk  {rise@0.000ns fall@3.610ns period=7.220ns})
  Destination:            u_window3x3/m_data_reg[65]/D
                            (rising edge-triggered cell FDCE clocked by clk  {rise@0.000ns fall@3.610ns period=7.220ns})
  Path Group:             clk
  Path Type:              Hold (Min at Fast Process Corner)
  Requirement:            0.000ns  (clk rise@0.000ns - clk rise@0.000ns)
  Data Path Delay:        0.279ns  (logic 0.190ns (68.075%)  route 0.089ns (31.925%))
  Logic Levels:           1  (LUT2=1)
  Clock Path Skew:        0.022ns (DCD - SCD - CPR)
    Destination Clock Delay (DCD):    0.432ns
    Source Clock Delay      (SCD):    0.410ns
    Clock Pessimism Removal (CPR):    -0.000ns

    Location             Delay type                Incr(ns)  Path(ns)    Netlist Resource(s)
  -------------------------------------------------------------------    -------------------
                         (clock clk rise edge)        0.000     0.000 r  
                                                      0.000     0.000 r  clk (IN)
                         net (fo=478, unset)          0.410     0.410    u_window3x3/clk
    SLICE_X47Y88         FDCE                                         r  u_window3x3/pipe_data_q_reg[65]/C
  -------------------------------------------------------------------    -------------------
    SLICE_X47Y88         FDCE (Prop_fdce_C_Q)         0.141     0.551 r  u_window3x3/pipe_data_q_reg[65]/Q
                         net (fo=1, routed)           0.089     0.640    u_window3x3/pipe_data_q[65]
    SLICE_X46Y88         LUT2 (Prop_lut2_I1_O)        0.049     0.689 r  u_window3x3/m_data[65]_i_1/O
                         net (fo=1, routed)           0.000     0.689    u_window3x3/m_data[65]_i_1_n_0
    SLICE_X46Y88         FDCE                                         r  u_window3x3/m_data_reg[65]/D
  -------------------------------------------------------------------    -------------------

                         (clock clk rise edge)        0.000     0.000 r  
                                                      0.000     0.000 r  clk (IN)
                         net (fo=478, unset)          0.432     0.432    u_window3x3/clk
    SLICE_X46Y88         FDCE                                         r  u_window3x3/m_data_reg[65]/C
                         clock pessimism              0.000     0.432    
    SLICE_X46Y88         FDCE (Hold_fdce_C_D)         0.131     0.563    u_window3x3/m_data_reg[65]
  -------------------------------------------------------------------
                         required time                         -0.563    
                         arrival time                           0.689    
  -------------------------------------------------------------------
                         slack                                  0.127    

Slack (MET) :             0.162ns  (arrival time - required time)
  Source:                 u_grayscale/m_data_reg[0]/C
                            (rising edge-triggered cell FDCE clocked by clk  {rise@0.000ns fall@3.610ns period=7.220ns})
  Destination:            u_window3x3/line_mem0_reg_0_255_0_0/RAMS64E_D/I
                            (rising edge-triggered cell RAMS64E clocked by clk  {rise@0.000ns fall@3.610ns period=7.220ns})
  Path Group:             clk
  Path Type:              Hold (Min at Fast Process Corner)
  Requirement:            0.000ns  (clk rise@0.000ns - clk rise@0.000ns)
  Data Path Delay:        0.328ns  (logic 0.141ns (43.030%)  route 0.187ns (56.970%))
  Logic Levels:           0  
  Clock Path Skew:        0.022ns (DCD - SCD - CPR)
    Destination Clock Delay (DCD):    0.432ns
    Source Clock Delay      (SCD):    0.410ns
    Clock Pessimism Removal (CPR):    -0.000ns

    Location             Delay type                Incr(ns)  Path(ns)    Netlist Resource(s)
  -------------------------------------------------------------------    -------------------
                         (clock clk rise edge)        0.000     0.000 r  
                                                      0.000     0.000 r  clk (IN)
                         net (fo=478, unset)          0.410     0.410    u_grayscale/clk
    SLICE_X40Y79         FDCE                                         r  u_grayscale/m_data_reg[0]/C
  -------------------------------------------------------------------    -------------------
    SLICE_X40Y79         FDCE (Prop_fdce_C_Q)         0.141     0.551 r  u_grayscale/m_data_reg[0]/Q
                         net (fo=12, routed)          0.187     0.738    u_window3x3/line_mem0_reg_0_255_0_0/D
    SLICE_X36Y77         RAMS64E                                      r  u_window3x3/line_mem0_reg_0_255_0_0/RAMS64E_D/I
  -------------------------------------------------------------------    -------------------

                         (clock clk rise edge)        0.000     0.000 r  
                                                      0.000     0.000 r  clk (IN)
                         net (fo=478, unset)          0.432     0.432    u_window3x3/line_mem0_reg_0_255_0_0/WCLK
    SLICE_X36Y77         RAMS64E                                      r  u_window3x3/line_mem0_reg_0_255_0_0/RAMS64E_D/CLK
                         clock pessimism              0.000     0.432    
    SLICE_X36Y77         RAMS64E (Hold_rams64e_CLK_I)
                                                      0.144     0.576    u_window3x3/line_mem0_reg_0_255_0_0/RAMS64E_D
  -------------------------------------------------------------------
                         required time                         -0.576    
                         arrival time                           0.738    
  -------------------------------------------------------------------
                         slack                                  0.162    

Slack (MET) :             0.170ns  (arrival time - required time)
  Source:                 u_grayscale/m_data_reg[6]/C
                            (rising edge-triggered cell FDCE clocked by clk  {rise@0.000ns fall@3.610ns period=7.220ns})
  Destination:            u_window3x3/req_pixel_q_reg[6]/D
                            (rising edge-triggered cell FDCE clocked by clk  {rise@0.000ns fall@3.610ns period=7.220ns})
  Path Group:             clk
  Path Type:              Hold (Min at Fast Process Corner)
  Requirement:            0.000ns  (clk rise@0.000ns - clk rise@0.000ns)
  Data Path Delay:        0.250ns  (logic 0.141ns (56.317%)  route 0.109ns (43.683%))
  Logic Levels:           0  
  Clock Path Skew:        0.022ns (DCD - SCD - CPR)
    Destination Clock Delay (DCD):    0.432ns
    Source Clock Delay      (SCD):    0.410ns
    Clock Pessimism Removal (CPR):    -0.000ns

    Location             Delay type                Incr(ns)  Path(ns)    Netlist Resource(s)
  -------------------------------------------------------------------    -------------------
                         (clock clk rise edge)        0.000     0.000 r  
                                                      0.000     0.000 r  clk (IN)
                         net (fo=478, unset)          0.410     0.410    u_grayscale/clk
    SLICE_X41Y81         FDCE                                         r  u_grayscale/m_data_reg[6]/C
  -------------------------------------------------------------------    -------------------
    SLICE_X41Y81         FDCE (Prop_fdce_C_Q)         0.141     0.551 r  u_grayscale/m_data_reg[6]/Q
                         net (fo=12, routed)          0.109     0.661    u_window3x3/Q[6]
    SLICE_X42Y82         FDCE                                         r  u_window3x3/req_pixel_q_reg[6]/D
  -------------------------------------------------------------------    -------------------

                         (clock clk rise edge)        0.000     0.000 r  
                                                      0.000     0.000 r  clk (IN)
                         net (fo=478, unset)          0.432     0.432    u_window3x3/clk
    SLICE_X42Y82         FDCE                                         r  u_window3x3/req_pixel_q_reg[6]/C
                         clock pessimism              0.000     0.432    
    SLICE_X42Y82         FDCE (Hold_fdce_C_D)         0.059     0.491    u_window3x3/req_pixel_q_reg[6]
  -------------------------------------------------------------------
                         required time                         -0.491    
                         arrival time                           0.661    
  -------------------------------------------------------------------
                         slack                                  0.170    

Slack (MET) :             0.170ns  (arrival time - required time)
  Source:                 u_grayscale/m_eof_reg/C
                            (rising edge-triggered cell FDCE clocked by clk  {rise@0.000ns fall@3.610ns period=7.220ns})
  Destination:            u_window3x3/last_row_was_eof_q_reg/D
                            (rising edge-triggered cell FDCE clocked by clk  {rise@0.000ns fall@3.610ns period=7.220ns})
  Path Group:             clk
  Path Type:              Hold (Min at Fast Process Corner)
  Requirement:            0.000ns  (clk rise@0.000ns - clk rise@0.000ns)
  Data Path Delay:        0.283ns  (logic 0.186ns (65.755%)  route 0.097ns (34.245%))
  Logic Levels:           1  (LUT2=1)
  Clock Path Skew:        0.022ns (DCD - SCD - CPR)
    Destination Clock Delay (DCD):    0.432ns
    Source Clock Delay      (SCD):    0.410ns
    Clock Pessimism Removal (CPR):    -0.000ns

    Location             Delay type                Incr(ns)  Path(ns)    Netlist Resource(s)
  -------------------------------------------------------------------    -------------------
                         (clock clk rise edge)        0.000     0.000 r  
                                                      0.000     0.000 r  clk (IN)
                         net (fo=478, unset)          0.410     0.410    u_grayscale/clk
    SLICE_X41Y80         FDCE                                         r  u_grayscale/m_eof_reg/C
  -------------------------------------------------------------------    -------------------
    SLICE_X41Y80         FDCE (Prop_fdce_C_Q)         0.141     0.551 r  u_grayscale/m_eof_reg/Q
                         net (fo=1, routed)           0.097     0.648    u_grayscale/gray_eof_w
    SLICE_X40Y80         LUT2 (Prop_lut2_I0_O)        0.045     0.693 r  u_grayscale/last_row_was_eof_q_i_1/O
                         net (fo=1, routed)           0.000     0.693    u_window3x3/last_row_was_eof_q_reg_0
    SLICE_X40Y80         FDCE                                         r  u_window3x3/last_row_was_eof_q_reg/D
  -------------------------------------------------------------------    -------------------

                         (clock clk rise edge)        0.000     0.000 r  
                                                      0.000     0.000 r  clk (IN)
                         net (fo=478, unset)          0.432     0.432    u_window3x3/clk
    SLICE_X40Y80         FDCE                                         r  u_window3x3/last_row_was_eof_q_reg/C
                         clock pessimism              0.000     0.432    
    SLICE_X40Y80         FDCE (Hold_fdce_C_D)         0.091     0.523    u_window3x3/last_row_was_eof_q_reg
  -------------------------------------------------------------------
                         required time                         -0.523    
                         arrival time                           0.693    
  -------------------------------------------------------------------
                         slack                                  0.170    

Slack (MET) :             0.172ns  (arrival time - required time)
  Source:                 u_window3x3/pipe_data_q_reg[40]/C
                            (rising edge-triggered cell FDCE clocked by clk  {rise@0.000ns fall@3.610ns period=7.220ns})
  Destination:            u_window3x3/m_data_reg[40]/D
                            (rising edge-triggered cell FDCE clocked by clk  {rise@0.000ns fall@3.610ns period=7.220ns})
  Path Group:             clk
  Path Type:              Hold (Min at Fast Process Corner)
  Requirement:            0.000ns  (clk rise@0.000ns - clk rise@0.000ns)
  Data Path Delay:        0.315ns  (logic 0.186ns (59.043%)  route 0.129ns (40.957%))
  Logic Levels:           1  (LUT2=1)
  Clock Path Skew:        0.022ns (DCD - SCD - CPR)
    Destination Clock Delay (DCD):    0.432ns
    Source Clock Delay      (SCD):    0.410ns
    Clock Pessimism Removal (CPR):    -0.000ns

    Location             Delay type                Incr(ns)  Path(ns)    Netlist Resource(s)
  -------------------------------------------------------------------    -------------------
                         (clock clk rise edge)        0.000     0.000 r  
                                                      0.000     0.000 r  clk (IN)
                         net (fo=478, unset)          0.410     0.410    u_window3x3/clk
    SLICE_X44Y87         FDCE                                         r  u_window3x3/pipe_data_q_reg[40]/C
  -------------------------------------------------------------------    -------------------
    SLICE_X44Y87         FDCE (Prop_fdce_C_Q)         0.141     0.551 r  u_window3x3/pipe_data_q_reg[40]/Q
                         net (fo=1, routed)           0.129     0.680    u_window3x3/pipe_data_q[40]
    SLICE_X46Y87         LUT2 (Prop_lut2_I1_O)        0.045     0.725 r  u_window3x3/m_data[40]_i_1/O
                         net (fo=1, routed)           0.000     0.725    u_window3x3/m_data[40]_i_1_n_0
    SLICE_X46Y87         FDCE                                         r  u_window3x3/m_data_reg[40]/D
  -------------------------------------------------------------------    -------------------

                         (clock clk rise edge)        0.000     0.000 r  
                                                      0.000     0.000 r  clk (IN)
                         net (fo=478, unset)          0.432     0.432    u_window3x3/clk
    SLICE_X46Y87         FDCE                                         r  u_window3x3/m_data_reg[40]/C
                         clock pessimism              0.000     0.432    
    SLICE_X46Y87         FDCE (Hold_fdce_C_D)         0.121     0.553    u_window3x3/m_data_reg[40]
  -------------------------------------------------------------------
                         required time                         -0.553    
                         arrival time                           0.725    
  -------------------------------------------------------------------
                         slack                                  0.172    

Slack (MET) :             0.179ns  (arrival time - required time)
  Source:                 u_window3x3/last_row1_pix_q_reg[4]/C
                            (rising edge-triggered cell FDCE clocked by clk  {rise@0.000ns fall@3.610ns period=7.220ns})
  Destination:            u_window3x3/pipe_data_q_reg[28]/D
                            (rising edge-triggered cell FDCE clocked by clk  {rise@0.000ns fall@3.610ns period=7.220ns})
  Path Group:             clk
  Path Type:              Hold (Min at Fast Process Corner)
  Requirement:            0.000ns  (clk rise@0.000ns - clk rise@0.000ns)
  Data Path Delay:        0.291ns  (logic 0.209ns (71.796%)  route 0.082ns (28.204%))
  Logic Levels:           1  (LUT6=1)
  Clock Path Skew:        0.022ns (DCD - SCD - CPR)
    Destination Clock Delay (DCD):    0.432ns
    Source Clock Delay      (SCD):    0.410ns
    Clock Pessimism Removal (CPR):    -0.000ns

    Location             Delay type                Incr(ns)  Path(ns)    Netlist Resource(s)
  -------------------------------------------------------------------    -------------------
                         (clock clk rise edge)        0.000     0.000 r  
                                                      0.000     0.000 r  clk (IN)
                         net (fo=478, unset)          0.410     0.410    u_window3x3/clk
    SLICE_X36Y87         FDCE                                         r  u_window3x3/last_row1_pix_q_reg[4]/C
  -------------------------------------------------------------------    -------------------
    SLICE_X36Y87         FDCE (Prop_fdce_C_Q)         0.164     0.574 r  u_window3x3/last_row1_pix_q_reg[4]/Q
                         net (fo=1, routed)           0.082     0.656    u_window3x3/assemble_window0_return[28]
    SLICE_X37Y87         LUT6 (Prop_lut6_I3_O)        0.045     0.701 r  u_window3x3/pipe_data_q[28]_i_1/O
                         net (fo=1, routed)           0.000     0.701    u_window3x3/pipe_data_q[28]_i_1_n_0
    SLICE_X37Y87         FDCE                                         r  u_window3x3/pipe_data_q_reg[28]/D
  -------------------------------------------------------------------    -------------------

                         (clock clk rise edge)        0.000     0.000 r  
                                                      0.000     0.000 r  clk (IN)
                         net (fo=478, unset)          0.432     0.432    u_window3x3/clk
    SLICE_X37Y87         FDCE                                         r  u_window3x3/pipe_data_q_reg[28]/C
                         clock pessimism              0.000     0.432    
    SLICE_X37Y87         FDCE (Hold_fdce_C_D)         0.091     0.523    u_window3x3/pipe_data_q_reg[28]
  -------------------------------------------------------------------
                         required time                         -0.523    
                         arrival time                           0.701    
  -------------------------------------------------------------------
                         slack                                  0.179    

Slack (MET) :             0.183ns  (arrival time - required time)
  Source:                 u_window3x3/last_row0_pix_q_reg[6]/C
                            (rising edge-triggered cell FDCE clocked by clk  {rise@0.000ns fall@3.610ns period=7.220ns})
  Destination:            u_window3x3/pipe_data_q_reg[54]/D
                            (rising edge-triggered cell FDCE clocked by clk  {rise@0.000ns fall@3.610ns period=7.220ns})
  Path Group:             clk
  Path Type:              Hold (Min at Fast Process Corner)
  Requirement:            0.000ns  (clk rise@0.000ns - clk rise@0.000ns)
  Data Path Delay:        0.325ns  (logic 0.186ns (57.212%)  route 0.139ns (42.788%))
  Logic Levels:           1  (LUT6=1)
  Clock Path Skew:        0.022ns (DCD - SCD - CPR)
    Destination Clock Delay (DCD):    0.432ns
    Source Clock Delay      (SCD):    0.410ns
    Clock Pessimism Removal (CPR):    -0.000ns

    Location             Delay type                Incr(ns)  Path(ns)    Netlist Resource(s)
  -------------------------------------------------------------------    -------------------
                         (clock clk rise edge)        0.000     0.000 r  
                                                      0.000     0.000 r  clk (IN)
                         net (fo=478, unset)          0.410     0.410    u_window3x3/clk
    SLICE_X39Y87         FDCE                                         r  u_window3x3/last_row0_pix_q_reg[6]/C
  -------------------------------------------------------------------    -------------------
    SLICE_X39Y87         FDCE (Prop_fdce_C_Q)         0.141     0.551 r  u_window3x3/last_row0_pix_q_reg[6]/Q
                         net (fo=1, routed)           0.139     0.690    u_window3x3/assemble_window0_return[54]
    SLICE_X38Y87         LUT6 (Prop_lut6_I3_O)        0.045     0.735 r  u_window3x3/pipe_data_q[54]_i_1/O
                         net (fo=1, routed)           0.000     0.735    u_window3x3/pipe_data_q[54]_i_1_n_0
    SLICE_X38Y87         FDCE                                         r  u_window3x3/pipe_data_q_reg[54]/D
  -------------------------------------------------------------------    -------------------

                         (clock clk rise edge)        0.000     0.000 r  
                                                      0.000     0.000 r  clk (IN)
                         net (fo=478, unset)          0.432     0.432    u_window3x3/clk
    SLICE_X38Y87         FDCE                                         r  u_window3x3/pipe_data_q_reg[54]/C
                         clock pessimism              0.000     0.432    
    SLICE_X38Y87         FDCE (Hold_fdce_C_D)         0.121     0.553    u_window3x3/pipe_data_q_reg[54]
  -------------------------------------------------------------------
                         required time                         -0.553    
                         arrival time                           0.735    
  -------------------------------------------------------------------
                         slack                                  0.183    

Slack (MET) :             0.183ns  (arrival time - required time)
  Source:                 u_grayscale/m_data_reg[2]/C
                            (rising edge-triggered cell FDCE clocked by clk  {rise@0.000ns fall@3.610ns period=7.220ns})
  Destination:            u_window3x3/req_pixel_q_reg[2]/D
                            (rising edge-triggered cell FDCE clocked by clk  {rise@0.000ns fall@3.610ns period=7.220ns})
  Path Group:             clk
  Path Type:              Hold (Min at Fast Process Corner)
  Requirement:            0.000ns  (clk rise@0.000ns - clk rise@0.000ns)
  Data Path Delay:        0.275ns  (logic 0.141ns (51.273%)  route 0.134ns (48.727%))
  Logic Levels:           0  
  Clock Path Skew:        0.022ns (DCD - SCD - CPR)
    Destination Clock Delay (DCD):    0.432ns
    Source Clock Delay      (SCD):    0.410ns
    Clock Pessimism Removal (CPR):    -0.000ns

    Location             Delay type                Incr(ns)  Path(ns)    Netlist Resource(s)
  -------------------------------------------------------------------    -------------------
                         (clock clk rise edge)        0.000     0.000 r  
                                                      0.000     0.000 r  clk (IN)
                         net (fo=478, unset)          0.410     0.410    u_grayscale/clk
    SLICE_X40Y79         FDCE                                         r  u_grayscale/m_data_reg[2]/C
  -------------------------------------------------------------------    -------------------
    SLICE_X40Y79         FDCE (Prop_fdce_C_Q)         0.141     0.551 r  u_grayscale/m_data_reg[2]/Q
                         net (fo=12, routed)          0.134     0.685    u_window3x3/Q[2]
    SLICE_X40Y81         FDCE                                         r  u_window3x3/req_pixel_q_reg[2]/D
  -------------------------------------------------------------------    -------------------

                         (clock clk rise edge)        0.000     0.000 r  
                                                      0.000     0.000 r  clk (IN)
                         net (fo=478, unset)          0.432     0.432    u_window3x3/clk
    SLICE_X40Y81         FDCE                                         r  u_window3x3/req_pixel_q_reg[2]/C
                         clock pessimism              0.000     0.432    
    SLICE_X40Y81         FDCE (Hold_fdce_C_D)         0.070     0.502    u_window3x3/req_pixel_q_reg[2]
  -------------------------------------------------------------------
                         required time                         -0.502    
                         arrival time                           0.685    
  -------------------------------------------------------------------
                         slack                                  0.183    

Slack (MET) :             0.185ns  (arrival time - required time)
  Source:                 u_grayscale/m_data_reg[7]/C
                            (rising edge-triggered cell FDCE clocked by clk  {rise@0.000ns fall@3.610ns period=7.220ns})
  Destination:            u_window3x3/line_mem0_reg_0_255_7_7/RAMS64E_D/I
                            (rising edge-triggered cell RAMS64E clocked by clk  {rise@0.000ns fall@3.610ns period=7.220ns})
  Path Group:             clk
  Path Type:              Hold (Min at Fast Process Corner)
  Requirement:            0.000ns  (clk rise@0.000ns - clk rise@0.000ns)
  Data Path Delay:        0.298ns  (logic 0.128ns (42.988%)  route 0.170ns (57.012%))
  Logic Levels:           0  
  Clock Path Skew:        0.022ns (DCD - SCD - CPR)
    Destination Clock Delay (DCD):    0.432ns
    Source Clock Delay      (SCD):    0.410ns
    Clock Pessimism Removal (CPR):    -0.000ns

    Location             Delay type                Incr(ns)  Path(ns)    Netlist Resource(s)
  -------------------------------------------------------------------    -------------------
                         (clock clk rise edge)        0.000     0.000 r  
                                                      0.000     0.000 r  clk (IN)
                         net (fo=478, unset)          0.410     0.410    u_grayscale/clk
    SLICE_X41Y81         FDCE                                         r  u_grayscale/m_data_reg[7]/C
  -------------------------------------------------------------------    -------------------
    SLICE_X41Y81         FDCE (Prop_fdce_C_Q)         0.128     0.538 r  u_grayscale/m_data_reg[7]/Q
                         net (fo=12, routed)          0.170     0.708    u_window3x3/line_mem0_reg_0_255_7_7/D
    SLICE_X36Y81         RAMS64E                                      r  u_window3x3/line_mem0_reg_0_255_7_7/RAMS64E_D/I
  -------------------------------------------------------------------    -------------------

                         (clock clk rise edge)        0.000     0.000 r  
                                                      0.000     0.000 r  clk (IN)
                         net (fo=478, unset)          0.432     0.432    u_window3x3/line_mem0_reg_0_255_7_7/WCLK
    SLICE_X36Y81         RAMS64E                                      r  u_window3x3/line_mem0_reg_0_255_7_7/RAMS64E_D/CLK
                         clock pessimism              0.000     0.432    
    SLICE_X36Y81         RAMS64E (Hold_rams64e_CLK_I)
                                                      0.091     0.523    u_window3x3/line_mem0_reg_0_255_7_7/RAMS64E_D
  -------------------------------------------------------------------
                         required time                         -0.523    
                         arrival time                           0.708    
  -------------------------------------------------------------------
                         slack                                  0.185    

Slack (MET) :             0.194ns  (arrival time - required time)
  Source:                 u_window3x3/pipe_data_q_reg[47]/C
                            (rising edge-triggered cell FDCE clocked by clk  {rise@0.000ns fall@3.610ns period=7.220ns})
  Destination:            u_window3x3/m_data_reg[47]/D
                            (rising edge-triggered cell FDCE clocked by clk  {rise@0.000ns fall@3.610ns period=7.220ns})
  Path Group:             clk
  Path Type:              Hold (Min at Fast Process Corner)
  Requirement:            0.000ns  (clk rise@0.000ns - clk rise@0.000ns)
  Data Path Delay:        0.323ns  (logic 0.186ns (57.594%)  route 0.137ns (42.406%))
  Logic Levels:           1  (LUT2=1)
  Clock Path Skew:        0.022ns (DCD - SCD - CPR)
    Destination Clock Delay (DCD):    0.432ns
    Source Clock Delay      (SCD):    0.410ns
    Clock Pessimism Removal (CPR):    -0.000ns

    Location             Delay type                Incr(ns)  Path(ns)    Netlist Resource(s)
  -------------------------------------------------------------------    -------------------
                         (clock clk rise edge)        0.000     0.000 r  
                                                      0.000     0.000 r  clk (IN)
                         net (fo=478, unset)          0.410     0.410    u_window3x3/clk
    SLICE_X45Y92         FDCE                                         r  u_window3x3/pipe_data_q_reg[47]/C
  -------------------------------------------------------------------    -------------------
    SLICE_X45Y92         FDCE (Prop_fdce_C_Q)         0.141     0.551 r  u_window3x3/pipe_data_q_reg[47]/Q
                         net (fo=1, routed)           0.137     0.688    u_window3x3/pipe_data_q[47]
    SLICE_X44Y92         LUT2 (Prop_lut2_I1_O)        0.045     0.733 r  u_window3x3/m_data[47]_i_1/O
                         net (fo=1, routed)           0.000     0.733    u_window3x3/m_data[47]_i_1_n_0
    SLICE_X44Y92         FDCE                                         r  u_window3x3/m_data_reg[47]/D
  -------------------------------------------------------------------    -------------------

                         (clock clk rise edge)        0.000     0.000 r  
                                                      0.000     0.000 r  clk (IN)
                         net (fo=478, unset)          0.432     0.432    u_window3x3/clk
    SLICE_X44Y92         FDCE                                         r  u_window3x3/m_data_reg[47]/C
                         clock pessimism              0.000     0.432    
    SLICE_X44Y92         FDCE (Hold_fdce_C_D)         0.107     0.539    u_window3x3/m_data_reg[47]
  -------------------------------------------------------------------
                         required time                         -0.539    
                         arrival time                           0.733    
  -------------------------------------------------------------------
                         slack                                  0.194    

Slack (MET) :             0.197ns  (arrival time - required time)
  Source:                 u_grayscale/m_data_reg[6]/C
                            (rising edge-triggered cell FDCE clocked by clk  {rise@0.000ns fall@3.610ns period=7.220ns})
  Destination:            u_window3x3/line_mem0_reg_0_255_6_6/RAMS64E_D/I
                            (rising edge-triggered cell RAMS64E clocked by clk  {rise@0.000ns fall@3.610ns period=7.220ns})
  Path Group:             clk
  Path Type:              Hold (Min at Fast Process Corner)
  Requirement:            0.000ns  (clk rise@0.000ns - clk rise@0.000ns)
  Data Path Delay:        0.362ns  (logic 0.141ns (38.916%)  route 0.221ns (61.084%))
  Logic Levels:           0  
  Clock Path Skew:        0.022ns (DCD - SCD - CPR)
    Destination Clock Delay (DCD):    0.432ns
    Source Clock Delay      (SCD):    0.410ns
    Clock Pessimism Removal (CPR):    -0.000ns

    Location             Delay type                Incr(ns)  Path(ns)    Netlist Resource(s)
  -------------------------------------------------------------------    -------------------
                         (clock clk rise edge)        0.000     0.000 r  
                                                      0.000     0.000 r  clk (IN)
                         net (fo=478, unset)          0.410     0.410    u_grayscale/clk
    SLICE_X41Y81         FDCE                                         r  u_grayscale/m_data_reg[6]/C
  -------------------------------------------------------------------    -------------------
    SLICE_X41Y81         FDCE (Prop_fdce_C_Q)         0.141     0.551 r  u_grayscale/m_data_reg[6]/Q
                         net (fo=12, routed)          0.221     0.772    u_window3x3/line_mem0_reg_0_255_6_6/D
    SLICE_X38Y82         RAMS64E                                      r  u_window3x3/line_mem0_reg_0_255_6_6/RAMS64E_D/I
  -------------------------------------------------------------------    -------------------

                         (clock clk rise edge)        0.000     0.000 r  
                                                      0.000     0.000 r  clk (IN)
                         net (fo=478, unset)          0.432     0.432    u_window3x3/line_mem0_reg_0_255_6_6/WCLK
    SLICE_X38Y82         RAMS64E                                      r  u_window3x3/line_mem0_reg_0_255_6_6/RAMS64E_D/CLK
                         clock pessimism              0.000     0.432    
    SLICE_X38Y82         RAMS64E (Hold_rams64e_CLK_I)
                                                      0.144     0.576    u_window3x3/line_mem0_reg_0_255_6_6/RAMS64E_D
  -------------------------------------------------------------------
                         required time                         -0.576    
                         arrival time                           0.772    
  -------------------------------------------------------------------
                         slack                                  0.197    

Slack (MET) :             0.201ns  (arrival time - required time)
  Source:                 u_grayscale/m_data_reg[0]/C
                            (rising edge-triggered cell FDCE clocked by clk  {rise@0.000ns fall@3.610ns period=7.220ns})
  Destination:            u_window3x3/line_mem0_reg_0_255_0_0/RAMS64E_B/I
                            (rising edge-triggered cell RAMS64E clocked by clk  {rise@0.000ns fall@3.610ns period=7.220ns})
  Path Group:             clk
  Path Type:              Hold (Min at Fast Process Corner)
  Requirement:            0.000ns  (clk rise@0.000ns - clk rise@0.000ns)
  Data Path Delay:        0.328ns  (logic 0.141ns (43.030%)  route 0.187ns (56.970%))
  Logic Levels:           0  
  Clock Path Skew:        0.022ns (DCD - SCD - CPR)
    Destination Clock Delay (DCD):    0.432ns
    Source Clock Delay      (SCD):    0.410ns
    Clock Pessimism Removal (CPR):    -0.000ns

    Location             Delay type                Incr(ns)  Path(ns)    Netlist Resource(s)
  -------------------------------------------------------------------    -------------------
                         (clock clk rise edge)        0.000     0.000 r  
                                                      0.000     0.000 r  clk (IN)
                         net (fo=478, unset)          0.410     0.410    u_grayscale/clk
    SLICE_X40Y79         FDCE                                         r  u_grayscale/m_data_reg[0]/C
  -------------------------------------------------------------------    -------------------
    SLICE_X40Y79         FDCE (Prop_fdce_C_Q)         0.141     0.551 r  u_grayscale/m_data_reg[0]/Q
                         net (fo=12, routed)          0.187     0.738    u_window3x3/line_mem0_reg_0_255_0_0/D
    SLICE_X36Y77         RAMS64E                                      r  u_window3x3/line_mem0_reg_0_255_0_0/RAMS64E_B/I
  -------------------------------------------------------------------    -------------------

                         (clock clk rise edge)        0.000     0.000 r  
                                                      0.000     0.000 r  clk (IN)
                         net (fo=478, unset)          0.432     0.432    u_window3x3/line_mem0_reg_0_255_0_0/WCLK
    SLICE_X36Y77         RAMS64E                                      r  u_window3x3/line_mem0_reg_0_255_0_0/RAMS64E_B/CLK
                         clock pessimism              0.000     0.432    
    SLICE_X36Y77         RAMS64E (Hold_rams64e_CLK_I)
                                                      0.105     0.537    u_window3x3/line_mem0_reg_0_255_0_0/RAMS64E_B
  -------------------------------------------------------------------
                         required time                         -0.537    
                         arrival time                           0.738    
  -------------------------------------------------------------------
                         slack                                  0.201    

Slack (MET) :             0.204ns  (arrival time - required time)
  Source:                 u_grayscale/m_valid_reg/C
                            (rising edge-triggered cell FDCE clocked by clk  {rise@0.000ns fall@3.610ns period=7.220ns})
  Destination:            u_window3x3/req_valid_q_reg/D
                            (rising edge-triggered cell FDCE clocked by clk  {rise@0.000ns fall@3.610ns period=7.220ns})
  Path Group:             clk
  Path Type:              Hold (Min at Fast Process Corner)
  Requirement:            0.000ns  (clk rise@0.000ns - clk rise@0.000ns)
  Data Path Delay:        0.317ns  (logic 0.186ns (58.678%)  route 0.131ns (41.322%))
  Logic Levels:           1  (LUT6=1)
  Clock Path Skew:        0.022ns (DCD - SCD - CPR)
    Destination Clock Delay (DCD):    0.432ns
    Source Clock Delay      (SCD):    0.410ns
    Clock Pessimism Removal (CPR):    -0.000ns

    Location             Delay type                Incr(ns)  Path(ns)    Netlist Resource(s)
  -------------------------------------------------------------------    -------------------
                         (clock clk rise edge)        0.000     0.000 r  
                                                      0.000     0.000 r  clk (IN)
                         net (fo=478, unset)          0.410     0.410    u_grayscale/clk
    SLICE_X40Y82         FDCE                                         r  u_grayscale/m_valid_reg/C
  -------------------------------------------------------------------    -------------------
    SLICE_X40Y82         FDCE (Prop_fdce_C_Q)         0.141     0.551 r  u_grayscale/m_valid_reg/Q
                         net (fo=6, routed)           0.131     0.682    u_window3x3/gray_valid_w
    SLICE_X41Y82         LUT6 (Prop_lut6_I0_O)        0.045     0.727 r  u_window3x3/req_valid_q_i_1/O
                         net (fo=1, routed)           0.000     0.727    u_window3x3/req_valid_q_i_1_n_0
    SLICE_X41Y82         FDCE                                         r  u_window3x3/req_valid_q_reg/D
  -------------------------------------------------------------------    -------------------

                         (clock clk rise edge)        0.000     0.000 r  
                                                      0.000     0.000 r  clk (IN)
                         net (fo=478, unset)          0.432     0.432    u_window3x3/clk
    SLICE_X41Y82         FDCE                                         r  u_window3x3/req_valid_q_reg/C
                         clock pessimism              0.000     0.432    
    SLICE_X41Y82         FDCE (Hold_fdce_C_D)         0.091     0.523    u_window3x3/req_valid_q_reg
  -------------------------------------------------------------------
                         required time                         -0.523    
                         arrival time                           0.727    
  -------------------------------------------------------------------
                         slack                                  0.204    

Slack (MET) :             0.205ns  (arrival time - required time)
  Source:                 u_grayscale/m_data_reg[0]/C
                            (rising edge-triggered cell FDCE clocked by clk  {rise@0.000ns fall@3.610ns period=7.220ns})
  Destination:            u_window3x3/line_mem0_reg_0_255_0_0/RAMS64E_C/I
                            (rising edge-triggered cell RAMS64E clocked by clk  {rise@0.000ns fall@3.610ns period=7.220ns})
  Path Group:             clk
  Path Type:              Hold (Min at Fast Process Corner)
  Requirement:            0.000ns  (clk rise@0.000ns - clk rise@0.000ns)
  Data Path Delay:        0.328ns  (logic 0.141ns (43.030%)  route 0.187ns (56.970%))
  Logic Levels:           0  
  Clock Path Skew:        0.022ns (DCD - SCD - CPR)
    Destination Clock Delay (DCD):    0.432ns
    Source Clock Delay      (SCD):    0.410ns
    Clock Pessimism Removal (CPR):    -0.000ns

    Location             Delay type                Incr(ns)  Path(ns)    Netlist Resource(s)
  -------------------------------------------------------------------    -------------------
                         (clock clk rise edge)        0.000     0.000 r  
                                                      0.000     0.000 r  clk (IN)
                         net (fo=478, unset)          0.410     0.410    u_grayscale/clk
    SLICE_X40Y79         FDCE                                         r  u_grayscale/m_data_reg[0]/C
  -------------------------------------------------------------------    -------------------
    SLICE_X40Y79         FDCE (Prop_fdce_C_Q)         0.141     0.551 r  u_grayscale/m_data_reg[0]/Q
                         net (fo=12, routed)          0.187     0.738    u_window3x3/line_mem0_reg_0_255_0_0/D
    SLICE_X36Y77         RAMS64E                                      r  u_window3x3/line_mem0_reg_0_255_0_0/RAMS64E_C/I
  -------------------------------------------------------------------    -------------------

                         (clock clk rise edge)        0.000     0.000 r  
                                                      0.000     0.000 r  clk (IN)
                         net (fo=478, unset)          0.432     0.432    u_window3x3/line_mem0_reg_0_255_0_0/WCLK
    SLICE_X36Y77         RAMS64E                                      r  u_window3x3/line_mem0_reg_0_255_0_0/RAMS64E_C/CLK
                         clock pessimism              0.000     0.432    
    SLICE_X36Y77         RAMS64E (Hold_rams64e_CLK_I)
                                                      0.101     0.533    u_window3x3/line_mem0_reg_0_255_0_0/RAMS64E_C
  -------------------------------------------------------------------
                         required time                         -0.533    
                         arrival time                           0.738    
  -------------------------------------------------------------------
                         slack                                  0.205    

Slack (MET) :             0.205ns  (arrival time - required time)
  Source:                 u_window3x3/bottom_col_idx_q_reg[11]/C
                            (rising edge-triggered cell FDCE clocked by clk  {rise@0.000ns fall@3.610ns period=7.220ns})
  Destination:            u_window3x3/req_col_idx_q_reg[11]/D
                            (rising edge-triggered cell FDCE clocked by clk  {rise@0.000ns fall@3.610ns period=7.220ns})
  Path Group:             clk
  Path Type:              Hold (Min at Fast Process Corner)
  Requirement:            0.000ns  (clk rise@0.000ns - clk rise@0.000ns)
  Data Path Delay:        0.347ns  (logic 0.186ns (53.622%)  route 0.161ns (46.378%))
  Logic Levels:           1  (LUT4=1)
  Clock Path Skew:        0.022ns (DCD - SCD - CPR)
    Destination Clock Delay (DCD):    0.432ns
    Source Clock Delay      (SCD):    0.410ns
    Clock Pessimism Removal (CPR):    -0.000ns

    Location             Delay type                Incr(ns)  Path(ns)    Netlist Resource(s)
  -------------------------------------------------------------------    -------------------
                         (clock clk rise edge)        0.000     0.000 r  
                                                      0.000     0.000 r  clk (IN)
                         net (fo=478, unset)          0.410     0.410    u_window3x3/clk
    SLICE_X40Y75         FDCE                                         r  u_window3x3/bottom_col_idx_q_reg[11]/C
  -------------------------------------------------------------------    -------------------
    SLICE_X40Y75         FDCE (Prop_fdce_C_Q)         0.141     0.551 r  u_window3x3/bottom_col_idx_q_reg[11]/Q
                         net (fo=3, routed)           0.161     0.712    u_window3x3/sel0[11]
    SLICE_X38Y76         LUT4 (Prop_lut4_I2_O)        0.045     0.757 r  u_window3x3/req_col_idx_q[11]_i_1/O
                         net (fo=1, routed)           0.000     0.757    u_window3x3/req_col_idx_q[11]_i_1_n_0
    SLICE_X38Y76         FDCE                                         r  u_window3x3/req_col_idx_q_reg[11]/D
  -------------------------------------------------------------------    -------------------

                         (clock clk rise edge)        0.000     0.000 r  
                                                      0.000     0.000 r  clk (IN)
                         net (fo=478, unset)          0.432     0.432    u_window3x3/clk
    SLICE_X38Y76         FDCE                                         r  u_window3x3/req_col_idx_q_reg[11]/C
                         clock pessimism              0.000     0.432    
    SLICE_X38Y76         FDCE (Hold_fdce_C_D)         0.120     0.552    u_window3x3/req_col_idx_q_reg[11]
  -------------------------------------------------------------------
                         required time                         -0.552    
                         arrival time                           0.757    
  -------------------------------------------------------------------
                         slack                                  0.205    

Slack (MET) :             0.209ns  (arrival time - required time)
  Source:                 u_window3x3/row0_c1_q_reg[6]/C
                            (rising edge-triggered cell FDCE clocked by clk  {rise@0.000ns fall@3.610ns period=7.220ns})
  Destination:            u_window3x3/row0_c2_q_reg[6]/D
                            (rising edge-triggered cell FDCE clocked by clk  {rise@0.000ns fall@3.610ns period=7.220ns})
  Path Group:             clk
  Path Type:              Hold (Min at Fast Process Corner)
  Requirement:            0.000ns  (clk rise@0.000ns - clk rise@0.000ns)
  Data Path Delay:        0.337ns  (logic 0.190ns (56.363%)  route 0.147ns (43.637%))
  Logic Levels:           1  (LUT2=1)
  Clock Path Skew:        0.022ns (DCD - SCD - CPR)
    Destination Clock Delay (DCD):    0.432ns
    Source Clock Delay      (SCD):    0.410ns
    Clock Pessimism Removal (CPR):    -0.000ns

    Location             Delay type                Incr(ns)  Path(ns)    Netlist Resource(s)
  -------------------------------------------------------------------    -------------------
                         (clock clk rise edge)        0.000     0.000 r  
                                                      0.000     0.000 r  clk (IN)
                         net (fo=478, unset)          0.410     0.410    u_window3x3/clk
    SLICE_X41Y87         FDCE                                         r  u_window3x3/row0_c1_q_reg[6]/C
  -------------------------------------------------------------------    -------------------
    SLICE_X41Y87         FDCE (Prop_fdce_C_Q)         0.141     0.551 r  u_window3x3/row0_c1_q_reg[6]/Q
                         net (fo=3, routed)           0.147     0.698    u_window3x3/assemble_window0_return[62]
    SLICE_X41Y88         LUT2 (Prop_lut2_I0_O)        0.049     0.747 r  u_window3x3/row0_c2_q[6]_i_1/O
                         net (fo=1, routed)           0.000     0.747    u_window3x3/row0_c2_q[6]_i_1_n_0
    SLICE_X41Y88         FDCE                                         r  u_window3x3/row0_c2_q_reg[6]/D
  -------------------------------------------------------------------    -------------------

                         (clock clk rise edge)        0.000     0.000 r  
                                                      0.000     0.000 r  clk (IN)
                         net (fo=478, unset)          0.432     0.432    u_window3x3/clk
    SLICE_X41Y88         FDCE                                         r  u_window3x3/row0_c2_q_reg[6]/C
                         clock pessimism              0.000     0.432    
    SLICE_X41Y88         FDCE (Hold_fdce_C_D)         0.107     0.539    u_window3x3/row0_c2_q_reg[6]
  -------------------------------------------------------------------
                         required time                         -0.539    
                         arrival time                           0.747    
  -------------------------------------------------------------------
                         slack                                  0.209    

Slack (MET) :             0.210ns  (arrival time - required time)
  Source:                 u_grayscale/m_data_reg[3]/C
                            (rising edge-triggered cell FDCE clocked by clk  {rise@0.000ns fall@3.610ns period=7.220ns})
  Destination:            u_window3x3/line_mem0_reg_0_127_0_0__2/LOW/I
                            (rising edge-triggered cell RAMS64E clocked by clk  {rise@0.000ns fall@3.610ns period=7.220ns})
  Path Group:             clk
  Path Type:              Hold (Min at Fast Process Corner)
  Requirement:            0.000ns  (clk rise@0.000ns - clk rise@0.000ns)
  Data Path Delay:        0.325ns  (logic 0.128ns (39.389%)  route 0.197ns (60.611%))
  Logic Levels:           0  
  Clock Path Skew:        0.022ns (DCD - SCD - CPR)
    Destination Clock Delay (DCD):    0.432ns
    Source Clock Delay      (SCD):    0.410ns
    Clock Pessimism Removal (CPR):    -0.000ns

    Location             Delay type                Incr(ns)  Path(ns)    Netlist Resource(s)
  -------------------------------------------------------------------    -------------------
                         (clock clk rise edge)        0.000     0.000 r  
                                                      0.000     0.000 r  clk (IN)
                         net (fo=478, unset)          0.410     0.410    u_grayscale/clk
    SLICE_X40Y79         FDCE                                         r  u_grayscale/m_data_reg[3]/C
  -------------------------------------------------------------------    -------------------
    SLICE_X40Y79         FDCE (Prop_fdce_C_Q)         0.128     0.538 r  u_grayscale/m_data_reg[3]/Q
                         net (fo=12, routed)          0.197     0.735    u_window3x3/line_mem0_reg_0_127_0_0__2/D
    SLICE_X36Y80         RAMS64E                                      r  u_window3x3/line_mem0_reg_0_127_0_0__2/LOW/I
  -------------------------------------------------------------------    -------------------

                         (clock clk rise edge)        0.000     0.000 r  
                                                      0.000     0.000 r  clk (IN)
                         net (fo=478, unset)          0.432     0.432    u_window3x3/line_mem0_reg_0_127_0_0__2/WCLK
    SLICE_X36Y80         RAMS64E                                      r  u_window3x3/line_mem0_reg_0_127_0_0__2/LOW/CLK
                         clock pessimism              0.000     0.432    
    SLICE_X36Y80         RAMS64E (Hold_rams64e_CLK_I)
                                                      0.093     0.525    u_window3x3/line_mem0_reg_0_127_0_0__2/LOW
  -------------------------------------------------------------------
                         required time                         -0.525    
                         arrival time                           0.735    
  -------------------------------------------------------------------
                         slack                                  0.210    

Slack (MET) :             0.211ns  (arrival time - required time)
  Source:                 u_window3x3/pipe_eof_q_reg/C
                            (rising edge-triggered cell FDCE clocked by clk  {rise@0.000ns fall@3.610ns period=7.220ns})
  Destination:            u_window3x3/m_eof_reg/D
                            (rising edge-triggered cell FDCE clocked by clk  {rise@0.000ns fall@3.610ns period=7.220ns})
  Path Group:             clk
  Path Type:              Hold (Min at Fast Process Corner)
  Requirement:            0.000ns  (clk rise@0.000ns - clk rise@0.000ns)
  Data Path Delay:        0.352ns  (logic 0.209ns (59.346%)  route 0.143ns (40.654%))
  Logic Levels:           1  (LUT2=1)
  Clock Path Skew:        0.022ns (DCD - SCD - CPR)
    Destination Clock Delay (DCD):    0.432ns
    Source Clock Delay      (SCD):    0.410ns
    Clock Pessimism Removal (CPR):    -0.000ns

    Location             Delay type                Incr(ns)  Path(ns)    Netlist Resource(s)
  -------------------------------------------------------------------    -------------------
                         (clock clk rise edge)        0.000     0.000 r  
                                                      0.000     0.000 r  clk (IN)
                         net (fo=478, unset)          0.410     0.410    u_window3x3/clk
    SLICE_X38Y90         FDCE                                         r  u_window3x3/pipe_eof_q_reg/C
  -------------------------------------------------------------------    -------------------
    SLICE_X38Y90         FDCE (Prop_fdce_C_Q)         0.164     0.574 r  u_window3x3/pipe_eof_q_reg/Q
                         net (fo=1, routed)           0.143     0.717    u_window3x3/pipe_eof_q
    SLICE_X38Y91         LUT2 (Prop_lut2_I1_O)        0.045     0.762 r  u_window3x3/m_eof_i_1/O
                         net (fo=1, routed)           0.000     0.762    u_window3x3/m_eof_i_1_n_0
    SLICE_X38Y91         FDCE                                         r  u_window3x3/m_eof_reg/D
  -------------------------------------------------------------------    -------------------

                         (clock clk rise edge)        0.000     0.000 r  
                                                      0.000     0.000 r  clk (IN)
                         net (fo=478, unset)          0.432     0.432    u_window3x3/clk
    SLICE_X38Y91         FDCE                                         r  u_window3x3/m_eof_reg/C
                         clock pessimism              0.000     0.432    
    SLICE_X38Y91         FDCE (Hold_fdce_C_D)         0.120     0.552    u_window3x3/m_eof_reg
  -------------------------------------------------------------------
                         required time                         -0.552    
                         arrival time                           0.762    
  -------------------------------------------------------------------
                         slack                                  0.211    

Slack (MET) :             0.213ns  (arrival time - required time)
  Source:                 u_window3x3/pipe_data_q_reg[6]/C
                            (rising edge-triggered cell FDCE clocked by clk  {rise@0.000ns fall@3.610ns period=7.220ns})
  Destination:            u_window3x3/m_data_reg[6]/D
                            (rising edge-triggered cell FDCE clocked by clk  {rise@0.000ns fall@3.610ns period=7.220ns})
  Path Group:             clk
  Path Type:              Hold (Min at Fast Process Corner)
  Requirement:            0.000ns  (clk rise@0.000ns - clk rise@0.000ns)
  Data Path Delay:        0.327ns  (logic 0.186ns (56.881%)  route 0.141ns (43.119%))
  Logic Levels:           1  (LUT2=1)
  Clock Path Skew:        0.022ns (DCD - SCD - CPR)
    Destination Clock Delay (DCD):    0.432ns
    Source Clock Delay      (SCD):    0.410ns
    Clock Pessimism Removal (CPR):    -0.000ns

    Location             Delay type                Incr(ns)  Path(ns)    Netlist Resource(s)
  -------------------------------------------------------------------    -------------------
                         (clock clk rise edge)        0.000     0.000 r  
                                                      0.000     0.000 r  clk (IN)
                         net (fo=478, unset)          0.410     0.410    u_window3x3/clk
    SLICE_X40Y88         FDCE                                         r  u_window3x3/pipe_data_q_reg[6]/C
  -------------------------------------------------------------------    -------------------
    SLICE_X40Y88         FDCE (Prop_fdce_C_Q)         0.141     0.551 r  u_window3x3/pipe_data_q_reg[6]/Q
                         net (fo=1, routed)           0.141     0.692    u_window3x3/pipe_data_q[6]
    SLICE_X41Y89         LUT2 (Prop_lut2_I1_O)        0.045     0.737 r  u_window3x3/m_data[6]_i_1/O
                         net (fo=1, routed)           0.000     0.737    u_window3x3/m_data[6]_i_1_n_0
    SLICE_X41Y89         FDCE                                         r  u_window3x3/m_data_reg[6]/D
  -------------------------------------------------------------------    -------------------

                         (clock clk rise edge)        0.000     0.000 r  
                                                      0.000     0.000 r  clk (IN)
                         net (fo=478, unset)          0.432     0.432    u_window3x3/clk
    SLICE_X41Y89         FDCE                                         r  u_window3x3/m_data_reg[6]/C
                         clock pessimism              0.000     0.432    
    SLICE_X41Y89         FDCE (Hold_fdce_C_D)         0.092     0.524    u_window3x3/m_data_reg[6]
  -------------------------------------------------------------------
                         required time                         -0.524    
                         arrival time                           0.737    
  -------------------------------------------------------------------
                         slack                                  0.213    

Slack (MET) :             0.215ns  (arrival time - required time)
  Source:                 u_window3x3/pipe_data_q_reg[56]/C
                            (rising edge-triggered cell FDCE clocked by clk  {rise@0.000ns fall@3.610ns period=7.220ns})
  Destination:            u_window3x3/m_data_reg[56]/D
                            (rising edge-triggered cell FDCE clocked by clk  {rise@0.000ns fall@3.610ns period=7.220ns})
  Path Group:             clk
  Path Type:              Hold (Min at Fast Process Corner)
  Requirement:            0.000ns  (clk rise@0.000ns - clk rise@0.000ns)
  Data Path Delay:        0.356ns  (logic 0.209ns (58.640%)  route 0.147ns (41.360%))
  Logic Levels:           1  (LUT2=1)
  Clock Path Skew:        0.022ns (DCD - SCD - CPR)
    Destination Clock Delay (DCD):    0.432ns
    Source Clock Delay      (SCD):    0.410ns
    Clock Pessimism Removal (CPR):    -0.000ns

    Location             Delay type                Incr(ns)  Path(ns)    Netlist Resource(s)
  -------------------------------------------------------------------    -------------------
                         (clock clk rise edge)        0.000     0.000 r  
                                                      0.000     0.000 r  clk (IN)
                         net (fo=478, unset)          0.410     0.410    u_window3x3/clk
    SLICE_X46Y86         FDCE                                         r  u_window3x3/pipe_data_q_reg[56]/C
  -------------------------------------------------------------------    -------------------
    SLICE_X46Y86         FDCE (Prop_fdce_C_Q)         0.164     0.574 r  u_window3x3/pipe_data_q_reg[56]/Q
                         net (fo=1, routed)           0.147     0.722    u_window3x3/pipe_data_q[56]
    SLICE_X46Y88         LUT2 (Prop_lut2_I1_O)        0.045     0.767 r  u_window3x3/m_data[56]_i_1/O
                         net (fo=1, routed)           0.000     0.767    u_window3x3/m_data[56]_i_1_n_0
    SLICE_X46Y88         FDCE                                         r  u_window3x3/m_data_reg[56]/D
  -------------------------------------------------------------------    -------------------

                         (clock clk rise edge)        0.000     0.000 r  
                                                      0.000     0.000 r  clk (IN)
                         net (fo=478, unset)          0.432     0.432    u_window3x3/clk
    SLICE_X46Y88         FDCE                                         r  u_window3x3/m_data_reg[56]/C
                         clock pessimism              0.000     0.432    
    SLICE_X46Y88         FDCE (Hold_fdce_C_D)         0.120     0.552    u_window3x3/m_data_reg[56]
  -------------------------------------------------------------------
                         required time                         -0.552    
                         arrival time                           0.767    
  -------------------------------------------------------------------
                         slack                                  0.215    




